Archive member included to satisfy reference by file (symbol)

f:/imt avr complete course/00-tools/03-imt sdk/03- imt sdk/imt_sdk_win_64/winarm/armgcc/bin/../lib/gcc/arm-none-eabi/7.2.1/../../../../arm-none-eabi/lib/thumb/v7e-m\libg_nano.a(lib_a-errno.o)
                              ./system/src/newlib/_sbrk.o (__errno)
f:/imt avr complete course/00-tools/03-imt sdk/03- imt sdk/imt_sdk_win_64/winarm/armgcc/bin/../lib/gcc/arm-none-eabi/7.2.1/../../../../arm-none-eabi/lib/thumb/v7e-m\libg_nano.a(lib_a-impure.o)
                              f:/imt avr complete course/00-tools/03-imt sdk/03- imt sdk/imt_sdk_win_64/winarm/armgcc/bin/../lib/gcc/arm-none-eabi/7.2.1/../../../../arm-none-eabi/lib/thumb/v7e-m\libg_nano.a(lib_a-errno.o) (_impure_ptr)
f:/imt avr complete course/00-tools/03-imt sdk/03- imt sdk/imt_sdk_win_64/winarm/armgcc/bin/../lib/gcc/arm-none-eabi/7.2.1/../../../../arm-none-eabi/lib/thumb/v7e-m\libg_nano.a(lib_a-strlen.o)
                              ./system/src/diag/Trace.o (strlen)
f:/imt avr complete course/00-tools/03-imt sdk/03- imt sdk/imt_sdk_win_64/winarm/armgcc/bin/../lib/gcc/arm-none-eabi/7.2.1/../../../../arm-none-eabi/lib/thumb/v7e-m\libg_nano.a(lib_a-vsnprintf.o)
                              ./system/src/diag/Trace.o (vsnprintf)
f:/imt avr complete course/00-tools/03-imt sdk/03- imt sdk/imt_sdk_win_64/winarm/armgcc/bin/../lib/gcc/arm-none-eabi/7.2.1/../../../../arm-none-eabi/lib/thumb/v7e-m\libg_nano.a(lib_a-nano-svfprintf.o)
                              f:/imt avr complete course/00-tools/03-imt sdk/03- imt sdk/imt_sdk_win_64/winarm/armgcc/bin/../lib/gcc/arm-none-eabi/7.2.1/../../../../arm-none-eabi/lib/thumb/v7e-m\libg_nano.a(lib_a-vsnprintf.o) (_svfprintf_r)
f:/imt avr complete course/00-tools/03-imt sdk/03- imt sdk/imt_sdk_win_64/winarm/armgcc/bin/../lib/gcc/arm-none-eabi/7.2.1/../../../../arm-none-eabi/lib/thumb/v7e-m\libg_nano.a(lib_a-nano-vfprintf_i.o)
                              f:/imt avr complete course/00-tools/03-imt sdk/03- imt sdk/imt_sdk_win_64/winarm/armgcc/bin/../lib/gcc/arm-none-eabi/7.2.1/../../../../arm-none-eabi/lib/thumb/v7e-m\libg_nano.a(lib_a-nano-svfprintf.o) (_printf_i)
f:/imt avr complete course/00-tools/03-imt sdk/03- imt sdk/imt_sdk_win_64/winarm/armgcc/bin/../lib/gcc/arm-none-eabi/7.2.1/../../../../arm-none-eabi/lib/thumb/v7e-m\libg_nano.a(lib_a-memchr.o)
                              f:/imt avr complete course/00-tools/03-imt sdk/03- imt sdk/imt_sdk_win_64/winarm/armgcc/bin/../lib/gcc/arm-none-eabi/7.2.1/../../../../arm-none-eabi/lib/thumb/v7e-m\libg_nano.a(lib_a-nano-svfprintf.o) (memchr)
f:/imt avr complete course/00-tools/03-imt sdk/03- imt sdk/imt_sdk_win_64/winarm/armgcc/bin/../lib/gcc/arm-none-eabi/7.2.1/../../../../arm-none-eabi/lib/thumb/v7e-m\libg_nano.a(lib_a-memcpy-stub.o)
                              f:/imt avr complete course/00-tools/03-imt sdk/03- imt sdk/imt_sdk_win_64/winarm/armgcc/bin/../lib/gcc/arm-none-eabi/7.2.1/../../../../arm-none-eabi/lib/thumb/v7e-m\libg_nano.a(lib_a-nano-svfprintf.o) (memcpy)
f:/imt avr complete course/00-tools/03-imt sdk/03- imt sdk/imt_sdk_win_64/winarm/armgcc/bin/../lib/gcc/arm-none-eabi/7.2.1/../../../../arm-none-eabi/lib/thumb/v7e-m\libg_nano.a(lib_a-memmove.o)
                              f:/imt avr complete course/00-tools/03-imt sdk/03- imt sdk/imt_sdk_win_64/winarm/armgcc/bin/../lib/gcc/arm-none-eabi/7.2.1/../../../../arm-none-eabi/lib/thumb/v7e-m\libg_nano.a(lib_a-nano-svfprintf.o) (memmove)
f:/imt avr complete course/00-tools/03-imt sdk/03- imt sdk/imt_sdk_win_64/winarm/armgcc/bin/../lib/gcc/arm-none-eabi/7.2.1/../../../../arm-none-eabi/lib/thumb/v7e-m\libg_nano.a(lib_a-nano-freer.o)
                              f:/imt avr complete course/00-tools/03-imt sdk/03- imt sdk/imt_sdk_win_64/winarm/armgcc/bin/../lib/gcc/arm-none-eabi/7.2.1/../../../../arm-none-eabi/lib/thumb/v7e-m\libg_nano.a(lib_a-nano-svfprintf.o) (_free_r)
f:/imt avr complete course/00-tools/03-imt sdk/03- imt sdk/imt_sdk_win_64/winarm/armgcc/bin/../lib/gcc/arm-none-eabi/7.2.1/../../../../arm-none-eabi/lib/thumb/v7e-m\libg_nano.a(lib_a-nano-mallocr.o)
                              f:/imt avr complete course/00-tools/03-imt sdk/03- imt sdk/imt_sdk_win_64/winarm/armgcc/bin/../lib/gcc/arm-none-eabi/7.2.1/../../../../arm-none-eabi/lib/thumb/v7e-m\libg_nano.a(lib_a-nano-svfprintf.o) (_malloc_r)
f:/imt avr complete course/00-tools/03-imt sdk/03- imt sdk/imt_sdk_win_64/winarm/armgcc/bin/../lib/gcc/arm-none-eabi/7.2.1/../../../../arm-none-eabi/lib/thumb/v7e-m\libg_nano.a(lib_a-nano-reallocr.o)
                              f:/imt avr complete course/00-tools/03-imt sdk/03- imt sdk/imt_sdk_win_64/winarm/armgcc/bin/../lib/gcc/arm-none-eabi/7.2.1/../../../../arm-none-eabi/lib/thumb/v7e-m\libg_nano.a(lib_a-nano-svfprintf.o) (_realloc_r)
f:/imt avr complete course/00-tools/03-imt sdk/03- imt sdk/imt_sdk_win_64/winarm/armgcc/bin/../lib/gcc/arm-none-eabi/7.2.1/../../../../arm-none-eabi/lib/thumb/v7e-m\libg_nano.a(lib_a-sbrkr.o)
[...]
Memory Configuration

Name             Origin             Length             Attributes
RAM              0x20000000         0x00010000         xrw
CCMRAM           0x10000000         0x00000000         xrw
FLASH            0x08000000         0x00040000         xr
FLASHB1          0x00000000         0x00000000         xr
EXTMEMB0         0x00000000         0x00000000         xr
EXTMEMB1         0x00000000         0x00000000         xr
EXTMEMB2         0x00000000         0x00000000         xr
EXTMEMB3         0x00000000         0x00000000         xr
*default*        0x00000000         0xffffffff

Linker script and memory map

LOAD ./system/src/stm32f4-hal/stm32f4xx_hal.o
LOAD ./system/src/stm32f4-hal/stm32f4xx_hal_cortex.o
LOAD ./system/src/stm32f4-hal/stm32f4xx_hal_dfsdm.o
LOAD ./system/src/stm32f4-hal/stm32f4xx_hal_flash.o
LOAD ./system/src/stm32f4-hal/stm32f4xx_hal_gpio.o
LOAD ./system/src/stm32f4-hal/stm32f4xx_hal_iwdg.o
LOAD ./system/src/stm32f4-hal/stm32f4xx_hal_pwr.o
LOAD ./system/src/stm32f4-hal/stm32f4xx_hal_rcc.o
LOAD ./system/src/newlib/_cxx.o
LOAD ./system/src/newlib/_exit.o
LOAD ./system/src/newlib/_sbrk.o
LOAD ./system/src/newlib/_startup.o
LOAD ./system/src/newlib/_syscalls.o
LOAD ./system/src/newlib/assert.o
LOAD ./system/src/diag/Trace.o
LOAD ./system/src/diag/trace_impl.o
LOAD ./system/src/cortexm/_initialize_hardware.o
LOAD ./system/src/cortexm/_reset_hardware.o
LOAD ./system/src/cortexm/exception_handlers.o
LOAD ./system/src/cmsis/system_stm32f4xx.o
LOAD ./system/src/cmsis/vectors_stm32f401xc.o
LOAD ./src/APP.o
LOAD ./src/EXTI_program.o
LOAD ./src/HTFT_prg.o
LOAD ./src/MGPIO_prg.o
LOAD ./src/MRCC_program.o
LOAD ./src/NVIC_program.o
LOAD ./src/R2RDAC_PROGRAM.o
LOAD ./src/SPI_program.o
LOAD ./src/STP_program.o
LOAD ./src/SYSTICK_program.o
LOAD ./src/Timer2_program.o
LOAD ./src/Timer3_program.o
LOAD ./src/_initialize_hardware.o
LOAD ./src/_write.o
LOAD ./src/main.o
LOAD ./src/stm32f4xx_hal_msp.o
LOAD f:/imt avr complete course/00-tools/03-imt sdk/03- imt sdk/imt_sdk_win_64/winarm/armgcc/bin/../lib/gcc/arm-none-eabi/7.2.1/../../../../arm-none-eabi/lib/thumb/v7e-m\libstdc++_nano.a
LOAD f:/imt avr complete course/00-tools/03-imt sdk/03- imt sdk/imt_sdk_win_64/winarm/armgcc/bin/../lib/gcc/arm-none-eabi/7.2.1/../../../../arm-none-eabi/lib/thumb/v7e-m\libm.a
START GROUP
LOAD f:/imt avr complete course/00-tools/03-imt sdk/03- imt sdk/imt_sdk_win_64/winarm/armgcc/bin/../lib/gcc/arm-none-eabi/7.2.1/thumb/v7e-m\libgcc.a
LOAD f:/imt avr complete course/00-tools/03-imt sdk/03- imt sdk/imt_sdk_win_64/winarm/armgcc/bin/../lib/gcc/arm-none-eabi/7.2.1/../../../../arm-none-eabi/lib/thumb/v7e-m\libg_nano.a
LOAD f:/imt avr complete course/00-tools/03-imt sdk/03- imt sdk/imt_sdk_win_64/winarm/armgcc/bin/../lib/gcc/arm-none-eabi/7.2.1/../../../../arm-none-eabi/lib/thumb/v7e-m\libc_nano.a
END GROUP
START GROUP
LOAD f:/imt avr complete course/00-tools/03-imt sdk/03- imt sdk/imt_sdk_win_64/winarm/armgcc/bin/../lib/gcc/arm-none-eabi/7.2.1/thumb/v7e-m\libgcc.a
LOAD f:/imt avr complete course/00-tools/03-imt sdk/03- imt sdk/imt_sdk_win_64/winarm/armgcc/bin/../lib/gcc/arm-none-eabi/7.2.1/../../../../arm-none-eabi/lib/thumb/v7e-m\libc_nano.a
END GROUP
                0x20010000                __stack = (ORIGIN (RAM) + LENGTH (RAM))
                0x20010000                _estack = __stack
                0x00000400                __Main_Stack_Size = 0x400
                [!provide]                PROVIDE (_Main_Stack_Size, __Main_Stack_Size)
                0x2000fc00                __Main_Stack_Limit = (__stack - __Main_Stack_Size)
                [!provide]                PROVIDE (_Main_Stack_Limit, __Main_Stack_Limit)
                0x00000100                _Minimum_Stack_Size = 0x100
                0x2000025c                PROVIDE (_Heap_Begin, _end_noinit)
                0x2000fc00                PROVIDE (_Heap_Limit, (__stack - __Main_Stack_Size))

.isr_vector     0x08000000      0x3f4
 FILL mask 0xff
                0x08000000                __vectors_start = ABSOLUTE (.)
                0x08000000                __vectors_start__ = ABSOLUTE (.)
 *(.isr_vector)
 .isr_vector    0x08000000      0x194 ./system/src/cmsis/vectors_stm32f401xc.o
                0x08000000                __isr_vectors
 *(.cfmconfig)
 *(.after_vectors .after_vectors.*)
 .after_vectors
                0x08000194      0x130 ./system/src/newlib/_startup.o
                0x08000194                _start
 .after_vectors
                0x080002c4      0x12c ./system/src/cortexm/exception_handlers.o
                0x080002c4                Reset_Handler
                0x080002ca                NMI_Handler
                0x080002ce                HardFault_Handler
                0x080002e2                HardFault_Handler_C
                0x08000340                MemManage_Handler
                0x08000344                BusFault_Handler
                0x08000358                BusFault_Handler_C
                0x0800038c                UsageFault_Handler
                0x080003a0                UsageFault_Handler_C
                0x080003d4                SVC_Handler
                0x080003d8                DebugMon_Handler
                0x080003dc                PendSV_Handler
 .after_vectors
                0x080003f0        0x4 ./system/src/cmsis/vectors_stm32f401xc.o
                0x080003f0                RTC_Alarm_IRQHandler
                0x080003f0                EXTI2_IRQHandler
                0x080003f0                SPI4_IRQHandler
                0x080003f0                TIM1_CC_IRQHandler
                0x080003f0                DMA2_Stream5_IRQHandler
                0x080003f0                DMA1_Stream5_IRQHandler
                0x080003f0                PVD_IRQHandler
                0x080003f0                SDIO_IRQHandler
                0x080003f0                TAMP_STAMP_IRQHandler
                0x080003f0                EXTI3_IRQHandler
                0x080003f0                TIM1_UP_TIM10_IRQHandler
                0x080003f0                I2C3_ER_IRQHandler
                0x080003f0                I2C2_EV_IRQHandler
                0x080003f0                DMA1_Stream2_IRQHandler
                0x080003f0                FPU_IRQHandler
                0x080003f0                DMA2_Stream2_IRQHandler
                0x080003f0                SPI1_IRQHandler
                0x080003f0                TIM1_BRK_TIM9_IRQHandler
                0x080003f0                DMA2_Stream3_IRQHandler
                0x080003f0                USART6_IRQHandler
                0x080003f0                DMA2_Stream0_IRQHandler
                0x080003f0                TIM4_IRQHandler
                0x080003f0                I2C1_EV_IRQHandler
                0x080003f0                DMA1_Stream6_IRQHandler
                0x080003f0                DMA1_Stream1_IRQHandler
                0x080003f0                RCC_IRQHandler
                0x080003f0                Default_Handler
                0x080003f0                EXTI15_10_IRQHandler
                0x080003f0                ADC_IRQHandler
                0x080003f0                DMA1_Stream7_IRQHandler
                0x080003f0                TIM5_IRQHandler
                0x080003f0                DMA2_Stream7_IRQHandler
                0x080003f0                I2C3_EV_IRQHandler
                0x080003f0                EXTI9_5_IRQHandler
                0x080003f0                RTC_WKUP_IRQHandler
                0x080003f0                SPI2_IRQHandler
                0x080003f0                DMA1_Stream0_IRQHandler
                0x080003f0                EXTI4_IRQHandler
                0x080003f0                WWDG_IRQHandler
                0x080003f0                OTG_FS_WKUP_IRQHandler
                0x080003f0                TIM1_TRG_COM_TIM11_IRQHandler
                0x080003f0                USART2_IRQHandler
                0x080003f0                I2C2_ER_IRQHandler
                0x080003f0                DMA2_Stream1_IRQHandler
                0x080003f0                FLASH_IRQHandler
                0x080003f0                DMA2_Stream4_IRQHandler
                0x080003f0                USART1_IRQHandler
                0x080003f0                OTG_FS_IRQHandler
                0x080003f0                SPI3_IRQHandler
                0x080003f0                DMA1_Stream4_IRQHandler
                0x080003f0                I2C1_ER_IRQHandler
                0x080003f0                DMA2_Stream6_IRQHandler
                0x080003f0                DMA1_Stream3_IRQHandler

.inits          0x080003f4       0x28
                0x080003f4                __data_regions_array_start = .
                0x080003f4        0x4 LONG 0x8031908 LOADADDR (.data)
                0x080003f8        0x4 LONG 0x20000000 ADDR (.data)
                0x080003fc        0x4 LONG 0x2000007c (ADDR (.data) + SIZEOF (.data))
                0x08000400        0x4 LONG 0x8031908 LOADADDR (.data_CCMRAM)
                0x08000404        0x4 LONG 0x10000000 ADDR (.data_CCMRAM)
                0x08000408        0x4 LONG 0x10000000 (ADDR (.data_CCMRAM) + SIZEOF (.data_CCMRAM))
                0x0800040c                __data_regions_array_end = .
                0x0800040c                __bss_regions_array_start = .
                0x0800040c        0x4 LONG 0x2000007c ADDR (.bss)
                0x08000410        0x4 LONG 0x2000025c (ADDR (.bss) + SIZEOF (.bss))
                0x08000414        0x4 LONG 0x10000000 ADDR (.bss_CCMRAM)
                0x08000418        0x4 LONG 0x10000000 (ADDR (.bss_CCMRAM) + SIZEOF (.bss_CCMRAM))
                0x0800041c                __bss_regions_array_end = .
 *(.init)
 *(.fini)
                0x0800041c                . = ALIGN (0x4)
                0x0800041c                PROVIDE (__preinit_array_start, .)
 *(.preinit_array_sysinit .preinit_array_sysinit.*)
 *(.preinit_array_platform .preinit_array_platform.*)
 *(.preinit_array .preinit_array.*)
                0x0800041c                PROVIDE (__preinit_array_end, .)
                0x0800041c                . = ALIGN (0x4)
                0x0800041c                PROVIDE (__init_array_start, .)
 *(SORT_BY_NAME(.init_array.*))
 *(.init_array)
                0x0800041c                PROVIDE (__init_array_end, .)
                0x0800041c                . = ALIGN (0x4)
                0x0800041c                PROVIDE (__fini_array_start, .)
 *(SORT_BY_NAME(.fini_array.*))
 *(.fini_array)
                0x0800041c                PROVIDE (__fini_array_end, .)

.flashtext
 *(.flashtext .flashtext.*)

.text           0x08000420    0x314e7
 *(.text .text.*)
 .text.HAL_InitTick
                0x08000420       0x2c ./system/src/stm32f4-hal/stm32f4xx_hal.o
                0x08000420                HAL_InitTick
 .text.HAL_Init
                0x0800044c       0x34 ./system/src/stm32f4-hal/stm32f4xx_hal.o
                0x0800044c                HAL_Init
 .text.HAL_GetTick
                0x08000480        0xc ./system/src/stm32f4-hal/stm32f4xx_hal.o
                0x08000480                HAL_GetTick
 .text.HAL_NVIC_SetPriorityGrouping
                0x0800048c       0x3c ./system/src/stm32f4-hal/stm32f4xx_hal_cortex.o
                0x0800048c                HAL_NVIC_SetPriorityGrouping
 .text.HAL_NVIC_SetPriority
                0x080004c8       0x8c ./system/src/stm32f4-hal/stm32f4xx_hal_cortex.o
                0x080004c8                HAL_NVIC_SetPriority
 .text.HAL_SYSTICK_Config
                0x08000554       0x2c ./system/src/stm32f4-hal/stm32f4xx_hal_cortex.o
                0x08000554                HAL_SYSTICK_Config
 .text.HAL_SYSTICK_CLKSourceConfig
                0x08000580       0x3c ./system/src/stm32f4-hal/stm32f4xx_hal_cortex.o
                0x08000580                HAL_SYSTICK_CLKSourceConfig
 .text.HAL_RCC_OscConfig
                0x080005bc      0x43c ./system/src/stm32f4-hal/stm32f4xx_hal_rcc.o
                0x080005bc                HAL_RCC_OscConfig
 .text.HAL_RCC_GetSysClockFreq
                0x080009f8       0x88 ./system/src/stm32f4-hal/stm32f4xx_hal_rcc.o
                0x080009f8                HAL_RCC_GetSysClockFreq
 .text.HAL_RCC_ClockConfig
                0x08000a80      0x258 ./system/src/stm32f4-hal/stm32f4xx_hal_rcc.o
                0x08000a80                HAL_RCC_ClockConfig
 .text.HAL_RCC_GetHCLKFreq
                0x08000cd8        0xc ./system/src/stm32f4-hal/stm32f4xx_hal_rcc.o
                0x08000cd8                HAL_RCC_GetHCLKFreq
 .text._exit    0x08000ce4        0x2 ./system/src/newlib/_exit.o
                0x08000ce4                _exit
 *fill*         0x08000ce6        0x2 
 .text.abort    0x08000ce8       0x14 ./system/src/newlib/_exit.o
                0x08000ce8                abort
 .text._sbrk    0x08000cfc       0x44 ./system/src/newlib/_sbrk.o
                0x08000cfc                _sbrk
 .text.__initialize_args
                0x08000d40       0x10 ./system/src/newlib/_syscalls.o
                0x08000d40                __initialize_args
 .text.assert_failed
                0x08000d50       0x14 ./system/src/newlib/assert.o
                0x08000d50                assert_failed
 .text.trace_printf
                0x08000d64       0x30 ./system/src/diag/Trace.o
                0x08000d64                trace_printf
 .text.trace_puts
                0x08000d94       0x20 ./system/src/diag/Trace.o
                0x08000d94                trace_puts
 .text._trace_write_semihosting_debug
                0x08000db4       0x60 ./system/src/diag/trace_impl.o
 .text.trace_write
                0x08000e14        0x8 ./system/src/diag/trace_impl.o
                0x08000e14                trace_write
 .text.__initialize_hardware_early
                0x08000e1c       0x18 ./system/src/cortexm/_initialize_hardware.o
                0x08000e1c                __initialize_hardware_early
 .text.dumpExceptionStack
                0x08000e34       0xf4 ./system/src/cortexm/exception_handlers.o
                0x08000e34                dumpExceptionStack
 .text.isSemihosting
                0x08000f28       0x20 ./system/src/cortexm/exception_handlers.o
                0x08000f28                isSemihosting
 .text.SystemInit
                0x08000f48       0x40 ./system/src/cmsis/system_stm32f4xx.o
                0x08000f48                SystemInit
 .text.SystemCoreClockUpdate
                0x08000f88       0x9c ./system/src/cmsis/system_stm32f4xx.o
                0x08000f88                SystemCoreClockUpdate
 .text.voidGetFrame
                0x08001024       0x60 ./src/APP.o
                0x08001024                voidGetFrame
 .text.LEDMatrix_UP
                0x08001084       0x90 ./src/APP.o
                0x08001084                LEDMatrix_UP
 .text.LEDMatrix_DOWN
                0x08001114       0x90 ./src/APP.o
                0x08001114                LEDMatrix_DOWN
 .text.App_Init
                0x080011a4      0x194 ./src/APP.o
                0x080011a4                App_Init
 .text.voidPlay
                0x08001338      0x250 ./src/APP.o
                0x08001338                voidPlay
 .text.voidTakeAction
                0x08001588       0x90 ./src/APP.o
                0x08001588                voidTakeAction
 .text.MEXTI_voidInerruptSetPort
                0x08001618       0x34 ./src/EXTI_program.o
                0x08001618                MEXTI_voidInerruptSetPort
 .text.MEXTI_voidInterruptEnableDisable
                0x0800164c       0x30 ./src/EXTI_program.o
                0x0800164c                MEXTI_voidInterruptEnableDisable
 .text.MEXTI_voidInterruptTrigger
                0x0800167c       0x58 ./src/EXTI_program.o
                0x0800167c                MEXTI_voidInterruptTrigger
 .text.MEXTI0_voidCallBack
                0x080016d4        0xc ./src/EXTI_program.o
                0x080016d4                MEXTI0_voidCallBack
 .text.EXTI0_IRQHandler
                0x080016e0       0x1c ./src/EXTI_program.o
                0x080016e0                EXTI0_IRQHandler
 .text.EXTI1_IRQHandler
                0x080016fc       0x1c ./src/EXTI_program.o
                0x080016fc                EXTI1_IRQHandler
 .text.HTFT_vWriteData
                0x08001718       0x16 ./src/HTFT_prg.o
                0x08001718                HTFT_vWriteData
 .text.HTFT_vWriteCmd
                0x0800172e       0x16 ./src/HTFT_prg.o
                0x0800172e                HTFT_vWriteCmd
 .text.HTFT_vInit
                0x08001744       0x9e ./src/HTFT_prg.o
                0x08001744                HTFT_vInit
 .text.HTFT_vDisplay
                0x080017e2       0x6e ./src/HTFT_prg.o
                0x080017e2                HTFT_vDisplay
 .text.MGPIO_VOIDsetMode
                0x08001850       0x8c ./src/MGPIO_prg.o
                0x08001850                MGPIO_VOIDsetMode
 .text.MGPIO_VOIDsetOutputMode
                0x080018dc       0xc8 ./src/MGPIO_prg.o
                0x080018dc                MGPIO_VOIDsetOutputMode
 .text.MGPIO_VOIDsetInputMode
                0x080019a4       0x8c ./src/MGPIO_prg.o
                0x080019a4                MGPIO_VOIDsetInputMode
 .text.MGPIO_VOIDWritePin
                0x08001a30       0xac ./src/MGPIO_prg.o
                0x08001a30                MGPIO_VOIDWritePin
 .text.MGPIO_VOIDSetaltFun
                0x08001adc      0x108 ./src/MGPIO_prg.o
                0x08001adc                MGPIO_VOIDSetaltFun
 .text.MRCC_vInt
                0x08001be4       0x28 ./src/MRCC_program.o
                0x08001be4                MRCC_vInt
 .text.MRCC_vEnable
                0x08001c0c       0x50 ./src/MRCC_program.o
                0x08001c0c                MRCC_vEnable
 .text.NVIC_vEnable
                0x08001c5c       0x24 ./src/NVIC_program.o
                0x08001c5c                NVIC_vEnable
 .text.NVIC_VoidSetInterruptGroupMode
                0x08001c80       0x24 ./src/NVIC_program.o
                0x08001c80                NVIC_VoidSetInterruptGroupMode
 .text.NVIC_VoidSetInterruptPriority
                0x08001ca4       0x80 ./src/NVIC_program.o
                0x08001ca4                NVIC_VoidSetInterruptPriority
 .text.R2RDAC_Init
                0x08001d24       0x26 ./src/R2RDAC_PROGRAM.o
                0x08001d24                R2RDAC_Init
 .text.R2RDAC_SetData
                0x08001d4a       0x3a ./src/R2RDAC_PROGRAM.o
                0x08001d4a                R2RDAC_SetData
 .text.SPI1_voidInit
                0x08001d84       0x48 ./src/SPI_program.o
                0x08001d84                SPI1_voidInit
 .text.SPI1_u16Transceive
                0x08001dcc       0x14 ./src/SPI_program.o
                0x08001dcc                SPI1_u16Transceive
 .text.S2P_vInit
                0x08001de0       0x46 ./src/STP_program.o
                0x08001de0                S2P_vInit
 .text.S2P_vSendPulse
                0x08001e26       0x24 ./src/STP_program.o
                0x08001e26                S2P_vSendPulse
 .text.S2P_vSendData
                0x08001e4a       0x46 ./src/STP_program.o
                0x08001e4a                S2P_vSendData
 .text.MSYSYTICK_voidInit
                0x08001e90       0x10 ./src/SYSTICK_program.o
                0x08001e90                MSYSYTICK_voidInit
 .text.MSYSYTICK_voidStart
                0x08001ea0       0x18 ./src/SYSTICK_program.o
                0x08001ea0                MSYSYTICK_voidStart
 .text.MSYSYTICK_voidReadFlag
                0x08001eb8       0x10 ./src/SYSTICK_program.o
                0x08001eb8                MSYSYTICK_voidReadFlag
 .text.MSYSYTICK_voidCtrlIntState
                0x08001ec8       0x24 ./src/SYSTICK_program.o
                0x08001ec8                MSYSYTICK_voidCtrlIntState
 .text.MSYSYTICK_voidDelayUs
                0x08001eec       0x30 ./src/SYSTICK_program.o
                0x08001eec                MSYSYTICK_voidDelayUs
 .text.MSYSYTICK_voidDelayms
                0x08001f1c       0x34 ./src/SYSTICK_program.o
                0x08001f1c                MSYSYTICK_voidDelayms
 .text.MSTK_u32GetElapsedTime
                0x08001f50       0x10 ./src/SYSTICK_program.o
                0x08001f50                MSTK_u32GetElapsedTime
 .text.MSTK_voidSetInterval_single
                0x08001f60       0x28 ./src/SYSTICK_program.o
                0x08001f60                MSTK_voidSetInterval_single
 .text.SysTick_Handler
                0x08001f88       0x24 ./src/SYSTICK_program.o
                0x08001f88                SysTick_Handler
 .text.TIM2_voidInit
                0x08001fac       0x3a ./src/Timer2_program.o
                0x08001fac                TIM2_voidInit
 *fill*         0x08001fe6        0x2 
 .text.TIM2_voidSetBusyWait
                0x08001fe8       0x70 ./src/Timer2_program.o
                0x08001fe8                TIM2_voidSetBusyWait
 .text.TIM2_IRQHandler
                0x08002058       0xe0 ./src/Timer2_program.o
                0x08002058                TIM2_IRQHandler
 .text.TIM3_voidInit
                0x08002138       0x3c ./src/Timer3_program.o
                0x08002138                TIM3_voidInit
 .text.TIM3_voidSetIntervalPeriodic
                0x08002174       0x7c ./src/Timer3_program.o
                0x08002174                TIM3_voidSetIntervalPeriodic
 .text.TIM3_IRQHandler
                0x080021f0       0xd8 ./src/Timer3_program.o
                0x080021f0                TIM3_IRQHandler
 .text.SystemClock_Config
                0x080022c8       0x98 ./src/_initialize_hardware.o
                0x080022c8                SystemClock_Config
 .text.__initialize_hardware
                0x08002360       0x10 ./src/_initialize_hardware.o
                0x08002360                __initialize_hardware
 .text.main     0x08002370        0x8 ./src/main.o
                0x08002370                main
 .text.HAL_MspInit
                0x08002378        0x2 ./src/stm32f4xx_hal_msp.o
                0x08002378                HAL_MspInit
 *fill*         0x0800237a        0x2 
 .text.__errno  0x0800237c        0xc f:/imt avr complete course/00-tools/03-imt sdk/03- imt sdk/imt_sdk_win_64/winarm/armgcc/bin/../lib/gcc/arm-none-eabi/7.2.1/../../../../arm-none-eabi/lib/thumb/v7e-m\libg_nano.a(lib_a-errno.o)
                0x0800237c                __errno
 .text          0x08002388       0x10 f:/imt avr complete course/00-tools/03-imt sdk/03- imt sdk/imt_sdk_win_64/winarm/armgcc/bin/../lib/gcc/arm-none-eabi/7.2.1/../../../../arm-none-eabi/lib/thumb/v7e-m\libg_nano.a(lib_a-strlen.o)
                0x08002388                strlen
 .text._vsnprintf_r
                0x08002398       0x58 f:/imt avr complete course/00-tools/03-imt sdk/03- imt sdk/imt_sdk_win_64/winarm/armgcc/bin/../lib/gcc/arm-none-eabi/7.2.1/../../../../arm-none-eabi/lib/thumb/v7e-m\libg_nano.a(lib_a-vsnprintf.o)
                0x08002398                _vsniprintf_r
                0x08002398                _vsnprintf_r
 .text.vsnprintf
                0x080023f0       0x1c f:/imt avr complete course/00-tools/03-imt sdk/03- imt sdk/imt_sdk_win_64/winarm/armgcc/bin/../lib/gcc/arm-none-eabi/7.2.1/../../../../arm-none-eabi/lib/thumb/v7e-m\libg_nano.a(lib_a-vsnprintf.o)
                0x080023f0                vsniprintf
                0x080023f0                vsnprintf
 .text.__ssputs_r
                0x0800240c       0xb4 f:/imt avr complete course/00-tools/03-imt sdk/03- imt sdk/imt_sdk_win_64/winarm/armgcc/bin/../lib/gcc/arm-none-eabi/7.2.1/../../../../arm-none-eabi/lib/thumb/v7e-m\libg_nano.a(lib_a-nano-svfprintf.o)
                0x0800240c                __ssputs_r
 .text._svfprintf_r
                0x080024c0      0x1ec f:/imt avr complete course/00-tools/03-imt sdk/03- imt sdk/imt_sdk_win_64/winarm/armgcc/bin/../lib/gcc/arm-none-eabi/7.2.1/../../../../arm-none-eabi/lib/thumb/v7e-m\libg_nano.a(lib_a-nano-svfprintf.o)
                0x080024c0                _svfiprintf_r
                0x080024c0                _svfprintf_r
 .text._printf_common
                0x080026ac       0xea f:/imt avr complete course/00-tools/03-imt sdk/03- imt sdk/imt_sdk_win_64/winarm/armgcc/bin/../lib/gcc/arm-none-eabi/7.2.1/../../../../arm-none-eabi/lib/thumb/v7e-m\libg_nano.a(lib_a-nano-vfprintf_i.o)
                0x080026ac                _printf_common
 *fill*         0x08002796        0x2 
 .text._printf_i
                0x08002798      0x224 f:/imt avr complete course/00-tools/03-imt sdk/03- imt sdk/imt_sdk_win_64/winarm/armgcc/bin/../lib/gcc/arm-none-eabi/7.2.1/../../../../arm-none-eabi/lib/thumb/v7e-m\libg_nano.a(lib_a-nano-vfprintf_i.o)
                0x08002798                _printf_i
 *fill*         0x080029bc        0x4 
 .text          0x080029c0       0xa0 f:/imt avr complete course/00-tools/03-imt sdk/03- imt sdk/imt_sdk_win_64/winarm/armgcc/bin/../lib/gcc/arm-none-eabi/7.2.1/../../../../arm-none-eabi/lib/thumb/v7e-m\libg_nano.a(lib_a-memchr.o)
                0x080029c0                memchr
 .text.memcpy   0x08002a60       0x16 f:/imt avr complete course/00-tools/03-imt sdk/03- imt sdk/imt_sdk_win_64/winarm/armgcc/bin/../lib/gcc/arm-none-eabi/7.2.1/../../../../arm-none-eabi/lib/thumb/v7e-m\libg_nano.a(lib_a-memcpy-stub.o)
                0x08002a60                memcpy
 .text.memmove  0x08002a76       0x32 f:/imt avr complete course/00-tools/03-imt sdk/03- imt sdk/imt_sdk_win_64/winarm/armgcc/bin/../lib/gcc/arm-none-eabi/7.2.1/../../../../arm-none-eabi/lib/thumb/v7e-m\libg_nano.a(lib_a-memmove.o)
                0x08002a76                memmove
 .text._free_r  0x08002aa8       0x9c f:/imt avr complete course/00-tools/03-imt sdk/03- imt sdk/imt_sdk_win_64/winarm/armgcc/bin/../lib/gcc/arm-none-eabi/7.2.1/../../../../arm-none-eabi/lib/thumb/v7e-m\libg_nano.a(lib_a-nano-freer.o)
                0x08002aa8                _free_r
 .text._malloc_r
                0x08002b44       0xb4 f:/imt avr complete course/00-tools/03-imt sdk/03- imt sdk/imt_sdk_win_64/winarm/armgcc/bin/../lib/gcc/arm-none-eabi/7.2.1/../../../../arm-none-eabi/lib/thumb/v7e-m\libg_nano.a(lib_a-nano-mallocr.o)
                0x08002b44                _malloc_r
 .text._realloc_r
                0x08002bf8       0x4c f:/imt avr complete course/00-tools/03-imt sdk/03- imt sdk/imt_sdk_win_64/winarm/armgcc/bin/../lib/gcc/arm-none-eabi/7.2.1/../../../../arm-none-eabi/lib/thumb/v7e-m\libg_nano.a(lib_a-nano-reallocr.o)
                0x08002bf8                _realloc_r
 .text._sbrk_r  0x08002c44       0x20 f:/imt avr complete course/00-tools/03-imt sdk/03- imt sdk/imt_sdk_win_64/winarm/armgcc/bin/../lib/gcc/arm-none-eabi/7.2.1/../../../../arm-none-eabi/lib/thumb/v7e-m\libg_nano.a(lib_a-sbrkr.o)
                0x08002c44                _sbrk_r
 .text.__malloc_lock
                0x08002c64        0x2 f:/imt avr complete course/00-tools/03-imt sdk/03- imt sdk/imt_sdk_win_64/winarm/armgcc/bin/../lib/gcc/arm-none-eabi/7.2.1/../../../../arm-none-eabi/lib/thumb/v7e-m\libg_nano.a(lib_a-mlock.o)
                0x08002c64                __malloc_lock
 .text.__malloc_unlock
                0x08002c66        0x2 f:/imt avr complete course/00-tools/03-imt sdk/03- imt sdk/imt_sdk_win_64/winarm/armgcc/bin/../lib/gcc/arm-none-eabi/7.2.1/../../../../arm-none-eabi/lib/thumb/v7e-m\libg_nano.a(lib_a-mlock.o)
                0x08002c66                __malloc_unlock
 .text._malloc_usable_size_r
                0x08002c68       0x10 f:/imt avr complete course/00-tools/03-imt sdk/03- imt sdk/imt_sdk_win_64/winarm/armgcc/bin/../lib/gcc/arm-none-eabi/7.2.1/../../../../arm-none-eabi/lib/thumb/v7e-m\libg_nano.a(lib_a-nano-msizer.o)
                0x08002c68                _malloc_usable_size_r
 *(.rodata .rodata.* .constdata .constdata.*)
 .rodata.HAL_NVIC_SetPriorityGrouping.str1.4
                0x08002c78       0x31 ./system/src/stm32f4-hal/stm32f4xx_hal_cortex.o
 *fill*         0x08002ca9        0x3 
 .rodata.APBAHBPrescTable
                0x08002cac       0x10 ./system/src/stm32f4-hal/stm32f4xx_hal_rcc.o
                0x08002cac                APBAHBPrescTable
 .rodata.HAL_RCC_OscConfig.str1.4
                0x08002cbc       0x2e ./system/src/stm32f4-hal/stm32f4xx_hal_rcc.o
 *fill*         0x08002cea        0x2 
 .rodata.abort.str1.4
                0x08002cec       0x14 ./system/src/newlib/_exit.o
 .rodata.assert_failed.str1.4
                0x08002d00       0x2b ./system/src/newlib/assert.o
 .rodata.trace_puts.str1.4
                0x08002d2b       0x2b ./system/src/diag/Trace.o
                                  0x2 (size before relaxing)
 *fill*         0x08002d2b        0x1 
 .rodata.dumpExceptionStack.str1.4
                0x08002d2c      0x11a ./system/src/cortexm/exception_handlers.o
 *fill*         0x08002e46        0x2 
 .rodata.str1.4
                0x08002e48       0x2c ./system/src/cortexm/exception_handlers.o
                                 0x2a (size before relaxing)
 .rodata.AHBPrescTable
                0x08002e74       0x10 ./system/src/cmsis/system_stm32f4xx.o
                0x08002e74                AHBPrescTable
 .rodata.elevator_raw
                0x08002e84    0x10a4e ./src/APP.o
                0x08002e84                elevator_raw
 *fill*         0x080138d2        0x2 
 .rodata.u16Image_1
                0x080138d4     0xa000 ./src/APP.o
                0x080138d4                u16Image_1
 .rodata.u16Image_2
                0x0801d8d4     0xa000 ./src/APP.o
                0x0801d8d4                u16Image_2
 .rodata.u16Image_3
                0x080278d4     0xa000 ./src/APP.o
                0x080278d4                u16Image_3
 .rodata._svfprintf_r.str1.1
                0x080318d4       0x11 f:/imt avr complete course/00-tools/03-imt sdk/03- imt sdk/imt_sdk_win_64/winarm/armgcc/bin/../lib/gcc/arm-none-eabi/7.2.1/../../../../arm-none-eabi/lib/thumb/v7e-m\libg_nano.a(lib_a-nano-svfprintf.o)
 .rodata._printf_i.str1.1
                0x080318e5       0x22 f:/imt avr complete course/00-tools/03-imt sdk/03- imt sdk/imt_sdk_win_64/winarm/armgcc/bin/../lib/gcc/arm-none-eabi/7.2.1/../../../../arm-none-eabi/lib/thumb/v7e-m\libg_nano.a(lib_a-nano-vfprintf_i.o)
 *(vtable)
 *(.eh_frame*)
 *(.glue_7)
 .glue_7        0x08031907        0x0 linker stubs
 *(.glue_7t)
 .glue_7t       0x08031907        0x0 linker stubs

.vfp11_veneer   0x08031908        0x0
 .vfp11_veneer  0x08031908        0x0 linker stubs

.v4_bx          0x08031908        0x0
 .v4_bx         0x08031908        0x0 linker stubs

.iplt           0x08031908        0x0
 .iplt          0x08031908        0x0 ./system/src/stm32f4-hal/stm32f4xx_hal.o

.rel.dyn        0x08031908        0x0
 .rel.iplt      0x08031908        0x0 ./system/src/stm32f4-hal/stm32f4xx_hal.o

.ARM.extab
 *(.ARM.extab* .gnu.linkonce.armextab.*)
                0x08031908                . = ALIGN (0x4)
                0x08031908                __exidx_start = .

.ARM.exidx
 *(.ARM.exidx* .gnu.linkonce.armexidx.*)
                0x08031908                __exidx_end = .
                0x08031908                . = ALIGN (0x4)
                0x08031908                _etext = .
                0x08031908                __etext = .

.data_CCMRAM    0x10000000        0x0 load address 0x08031908
 FILL mask 0xff
 *(.data.CCMRAM .data.CCMRAM.*)
                0x10000000                . = ALIGN (0x4)
                0x08031908                _sidata = LOADADDR (.data)

.data           0x20000000       0x7c load address 0x08031908
 FILL mask 0xff
                0x20000000                _sdata = .
                0x20000000                __data_start__ = .
 *(.data_begin .data_begin.*)
 .data_begin    0x20000000        0x4 ./system/src/newlib/_startup.o
 *(.data .data.*)
 .data.argv.4310
                0x20000004        0x8 ./system/src/newlib/_syscalls.o
 .data.SystemCoreClock
                0x2000000c        0x4 ./system/src/cmsis/system_stm32f4xx.o
                0x2000000c                SystemCoreClock
 .data.Global2_u8Flag
                0x20000010        0x1 ./src/Timer2_program.o
 .data.Global3_u8Flag
                0x20000011        0x1 ./src/Timer3_program.o
 *fill*         0x20000012        0x2 ff
 .data._impure_ptr
                0x20000014        0x4 f:/imt avr complete course/00-tools/03-imt sdk/03- imt sdk/imt_sdk_win_64/winarm/armgcc/bin/../lib/gcc/arm-none-eabi/7.2.1/../../../../arm-none-eabi/lib/thumb/v7e-m\libg_nano.a(lib_a-impure.o)
                0x20000014                _impure_ptr
 .data.impure_data
                0x20000018       0x60 f:/imt avr complete course/00-tools/03-imt sdk/03- imt sdk/imt_sdk_win_64/winarm/armgcc/bin/../lib/gcc/arm-none-eabi/7.2.1/../../../../arm-none-eabi/lib/thumb/v7e-m\libg_nano.a(lib_a-impure.o)
 *(.data_end .data_end.*)
 .data_end      0x20000078        0x4 ./system/src/newlib/_startup.o
                0x2000007c                . = ALIGN (0x4)
                0x2000007c                _edata = .
                0x2000007c                __data_end__ = .

.igot.plt       0x2000007c        0x0 load address 0x08031984
 .igot.plt      0x2000007c        0x0 ./system/src/stm32f4-hal/stm32f4xx_hal.o

.bss_CCMRAM     0x10000000        0x0
 *(.bss.CCMRAM .bss.CCMRAM.*)

.bss            0x2000007c      0x1e0
                0x2000007c                __bss_start__ = .
                0x2000007c                _sbss = .
 *(.bss_begin .bss_begin.*)
 .bss_begin     0x2000007c        0x4 ./system/src/newlib/_startup.o
 *(.bss .bss.*)
 .bss.current_heap_end.3961
                0x20000080        0x4 ./system/src/newlib/_sbrk.o
 .bss.name.4309
                0x20000084        0x1 ./system/src/newlib/_syscalls.o
 *fill*         0x20000085        0x3 
 .bss.buf.5205  0x20000088       0x80 ./system/src/diag/Trace.o
 .bss.CurrentFloor
                0x20000108        0x1 ./src/APP.o
                0x20000108                CurrentFloor
 .bss.OrderedFloor
                0x20000109        0x1 ./src/APP.o
                0x20000109                OrderedFloor
 .bss.ReachValue
                0x2000010a        0x1 ./src/APP.o
                0x2000010a                ReachValue
 *fill*         0x2000010b        0x1 
 .bss.u32FrameData
                0x2000010c       0xc8 ./src/APP.o
                0x2000010c                u32FrameData
 .bss.u8Data    0x200001d4        0x1 ./src/APP.o
                0x200001d4                u8Data
 .bss.u8EdgeCounter
                0x200001d5        0x1 ./src/APP.o
                0x200001d5                u8EdgeCounter
 .bss.u8StartFlag
                0x200001d6        0x1 ./src/APP.o
                0x200001d6                u8StartFlag
 *fill*         0x200001d7        0x1 
 .bss.GLOBAL_PTR
                0x200001d8       0x40 ./src/EXTI_program.o
 .bss.Global_u8IPR
                0x20000218        0x1 ./src/NVIC_program.o
 .bss.Mode_GLOBALE
                0x20000219        0x1 ./src/SYSTICK_program.o
 *fill*         0x2000021a        0x2 
 .bss.SetCallBack
                0x2000021c        0x4 ./src/SYSTICK_program.o
 .bss.Global2_u32CopyRoutine
                0x20000220        0x4 ./src/Timer2_program.o
 .bss.Global2_u32Fraction
                0x20000224        0x4 ./src/Timer2_program.o
 .bss.Global2_u32Routine
                0x20000228        0x4 ./src/Timer2_program.o
 .bss.TIM2_CallBack
                0x2000022c        0x4 ./src/Timer2_program.o
 .bss.TIM2_u8ModeOfInterval
                0x20000230        0x1 ./src/Timer2_program.o
 *fill*         0x20000231        0x3 
 .bss.Global3_u32CopyRoutine
                0x20000234        0x4 ./src/Timer3_program.o
 .bss.Global3_u32Fraction
                0x20000238        0x4 ./src/Timer3_program.o
 .bss.Global3_u32Routine
                0x2000023c        0x4 ./src/Timer3_program.o
 .bss.TIM3_CallBack
                0x20000240        0x4 ./src/Timer3_program.o
 .bss.TIM3_u8ModeOfInterval
                0x20000244        0x1 ./src/Timer3_program.o
 *fill*         0x20000245        0x3 
 .bss.__malloc_free_list
                0x20000248        0x4 f:/imt avr complete course/00-tools/03-imt sdk/03- imt sdk/imt_sdk_win_64/winarm/armgcc/bin/../lib/gcc/arm-none-eabi/7.2.1/../../../../arm-none-eabi/lib/thumb/v7e-m\libg_nano.a(lib_a-nano-mallocr.o)
                0x20000248                __malloc_free_list
 .bss.__malloc_sbrk_start
                0x2000024c        0x4 f:/imt avr complete course/00-tools/03-imt sdk/03- imt sdk/imt_sdk_win_64/winarm/armgcc/bin/../lib/gcc/arm-none-eabi/7.2.1/../../../../arm-none-eabi/lib/thumb/v7e-m\libg_nano.a(lib_a-nano-mallocr.o)
                0x2000024c                __malloc_sbrk_start
 *(COMMON)
 COMMON         0x20000250        0x4 ./system/src/stm32f4-hal/stm32f4xx_hal.o
                0x20000250                uwTick
 COMMON         0x20000254        0x4 ./system/src/newlib/_syscalls.o
                0x20000254                errno
 *(.bss_end .bss_end.*)
 .bss_end       0x20000258        0x4 ./system/src/newlib/_startup.o
                0x2000025c                . = ALIGN (0x4)
                0x2000025c                __bss_end__ = .
                0x2000025c                _ebss = .

.noinit_CCMRAM
 *(.noinit.CCMRAM .noinit.CCMRAM.*)

.noinit         0x2000025c        0x0
                0x2000025c                _noinit = .
 *(.noinit .noinit.*)
                0x2000025c                . = ALIGN (0x4)
                0x2000025c                _end_noinit = .
                [!provide]                PROVIDE (end, _end_noinit)
                [!provide]                PROVIDE (_end, _end_noinit)
                [!provide]                PROVIDE (__end, _end_noinit)
                [!provide]                PROVIDE (__end__, _end_noinit)

._check_stack   0x2000025c      0x100
                0x2000035c                . = (. + _Minimum_Stack_Size)
 *fill*         0x2000025c      0x100 

.b1text
 *(.b1text)
 *(.b1rodata)
 *(.b1rodata.*)

.eb0text
 *(.eb0text)
 *(.eb0rodata)
 *(.eb0rodata.*)

.eb1text
 *(.eb1text)
 *(.eb1rodata)
 *(.eb1rodata.*)

.eb2text
 *(.eb2text)
 *(.eb2rodata)
 *(.eb2rodata.*)

.eb3text
 *(.eb3text)
 *(.eb3rodata)
 *(.eb3rodata.*)

.stab
 *(.stab)

.stabstr
 *(.stabstr)

.stab.excl
 *(.stab.excl)

.stab.exclstr
 *(.stab.exclstr)

.stab.index
 *(.stab.index)

.stab.indexstr
 *(.stab.indexstr)

.comment        0x00000000       0x7e
 *(.comment)
 .comment       0x00000000       0x7e ./system/src/stm32f4-hal/stm32f4xx_hal.o
                                 0x7f (size before relaxing)
 .comment       0x0000007e       0x7f ./system/src/stm32f4-hal/stm32f4xx_hal_cortex.o
 .comment       0x0000007e       0x7f ./system/src/stm32f4-hal/stm32f4xx_hal_rcc.o
 .comment       0x0000007e       0x7f ./system/src/newlib/_exit.o
 .comment       0x0000007e       0x7f ./system/src/newlib/_sbrk.o
 .comment       0x0000007e       0x7f ./system/src/newlib/_startup.o
 .comment       0x0000007e       0x7f ./system/src/newlib/_syscalls.o
 .comment       0x0000007e       0x7f ./system/src/newlib/assert.o
 .comment       0x0000007e       0x7f ./system/src/diag/Trace.o
 .comment       0x0000007e       0x7f ./system/src/diag/trace_impl.o
 .comment       0x0000007e       0x7f ./system/src/cortexm/_initialize_hardware.o
 .comment       0x0000007e       0x7f ./system/src/cortexm/exception_handlers.o
 .comment       0x0000007e       0x7f ./system/src/cmsis/system_stm32f4xx.o
 .comment       0x0000007e       0x7f ./system/src/cmsis/vectors_stm32f401xc.o
 .comment       0x0000007e       0x7f ./src/APP.o
 .comment       0x0000007e       0x7f ./src/EXTI_program.o
 .comment       0x0000007e       0x7f ./src/HTFT_prg.o
 .comment       0x0000007e       0x7f ./src/MGPIO_prg.o
 .comment       0x0000007e       0x7f ./src/MRCC_program.o
 .comment       0x0000007e       0x7f ./src/NVIC_program.o
 .comment       0x0000007e       0x7f ./src/R2RDAC_PROGRAM.o
 .comment       0x0000007e       0x7f ./src/SPI_program.o
 .comment       0x0000007e       0x7f ./src/STP_program.o
 .comment       0x0000007e       0x7f ./src/SYSTICK_program.o
 .comment       0x0000007e       0x7f ./src/Timer2_program.o
 .comment       0x0000007e       0x7f ./src/Timer3_program.o
 .comment       0x0000007e       0x7f ./src/_initialize_hardware.o
 .comment       0x0000007e       0x7f ./src/main.o
 .comment       0x0000007e       0x7f ./src/stm32f4xx_hal_msp.o

.ARM.attributes
                0x00000000       0x31
 .ARM.attributes
                0x00000000       0x33 ./system/src/stm32f4-hal/stm32f4xx_hal.o
 .ARM.attributes
                0x00000033       0x33 ./system/src/stm32f4-hal/stm32f4xx_hal_cortex.o
 .ARM.attributes
                0x00000066       0x33 ./system/src/stm32f4-hal/stm32f4xx_hal_rcc.o
 .ARM.attributes
                0x00000099       0x33 ./system/src/newlib/_exit.o
 .ARM.attributes
                0x000000cc       0x33 ./system/src/newlib/_sbrk.o
 .ARM.attributes
                0x000000ff       0x33 ./system/src/newlib/_startup.o
 .ARM.attributes
                0x00000132       0x33 ./system/src/newlib/_syscalls.o
 .ARM.attributes
                0x00000165       0x33 ./system/src/newlib/assert.o
 .ARM.attributes
                0x00000198       0x33 ./system/src/diag/Trace.o
 .ARM.attributes
                0x000001cb       0x33 ./system/src/diag/trace_impl.o
 .ARM.attributes
                0x000001fe       0x33 ./system/src/cortexm/_initialize_hardware.o
 .ARM.attributes
                0x00000231       0x33 ./system/src/cortexm/exception_handlers.o
 .ARM.attributes
                0x00000264       0x33 ./system/src/cmsis/system_stm32f4xx.o
 .ARM.attributes
                0x00000297       0x33 ./system/src/cmsis/vectors_stm32f401xc.o
 .ARM.attributes
                0x000002ca       0x33 ./src/APP.o
 .ARM.attributes
                0x000002fd       0x33 ./src/EXTI_program.o
 .ARM.attributes
                0x00000330       0x33 ./src/HTFT_prg.o
 .ARM.attributes
                0x00000363       0x33 ./src/MGPIO_prg.o
 .ARM.attributes
                0x00000396       0x33 ./src/MRCC_program.o
 .ARM.attributes
                0x000003c9       0x33 ./src/NVIC_program.o
 .ARM.attributes
                0x000003fc       0x33 ./src/R2RDAC_PROGRAM.o
 .ARM.attributes
                0x0000042f       0x33 ./src/SPI_program.o
 .ARM.attributes
                0x00000462       0x33 ./src/STP_program.o
 .ARM.attributes
                0x00000495       0x33 ./src/SYSTICK_program.o
 .ARM.attributes
                0x000004c8       0x33 ./src/Timer2_program.o
 .ARM.attributes
                0x000004fb       0x33 ./src/Timer3_program.o
 .ARM.attributes
                0x0000052e       0x33 ./src/_initialize_hardware.o
 .ARM.attributes
                0x00000561       0x33 ./src/main.o
 .ARM.attributes
                0x00000594       0x33 ./src/stm32f4xx_hal_msp.o
 .ARM.attributes
                0x000005c7       0x2e f:/imt avr complete course/00-tools/03-imt sdk/03- imt sdk/imt_sdk_win_64/winarm/armgcc/bin/../lib/gcc/arm-none-eabi/7.2.1/../../../../arm-none-eabi/lib/thumb/v7e-m\libg_nano.a(lib_a-errno.o)
 .ARM.attributes
                0x000005f5       0x2e f:/imt avr complete course/00-tools/03-imt sdk/03- imt sdk/imt_sdk_win_64/winarm/armgcc/bin/../lib/gcc/arm-none-eabi/7.2.1/../../../../arm-none-eabi/lib/thumb/v7e-m\libg_nano.a(lib_a-impure.o)
 .ARM.attributes
                0x00000623       0x17 f:/imt avr complete course/00-tools/03-imt sdk/03- imt sdk/imt_sdk_win_64/winarm/armgcc/bin/../lib/gcc/arm-none-eabi/7.2.1/../../../../arm-none-eabi/lib/thumb/v7e-m\libg_nano.a(lib_a-strlen.o)
 .ARM.attributes
                0x0000063a       0x2e f:/imt avr complete course/00-tools/03-imt sdk/03- imt sdk/imt_sdk_win_64/winarm/armgcc/bin/../lib/gcc/arm-none-eabi/7.2.1/../../../../arm-none-eabi/lib/thumb/v7e-m\libg_nano.a(lib_a-vsnprintf.o)
 .ARM.attributes
                0x00000668       0x2e f:/imt avr complete course/00-tools/03-imt sdk/03- imt sdk/imt_sdk_win_64/winarm/armgcc/bin/../lib/gcc/arm-none-eabi/7.2.1/../../../../arm-none-eabi/lib/thumb/v7e-m\libg_nano.a(lib_a-nano-svfprintf.o)
 .ARM.attributes
                0x00000696       0x2e f:/imt avr complete course/00-tools/03-imt sdk/03- imt sdk/imt_sdk_win_64/winarm/armgcc/bin/../lib/gcc/arm-none-eabi/7.2.1/../../../../arm-none-eabi/lib/thumb/v7e-m\libg_nano.a(lib_a-nano-vfprintf_i.o)
 .ARM.attributes
                0x000006c4       0x1c f:/imt avr complete course/00-tools/03-imt sdk/03- imt sdk/imt_sdk_win_64/winarm/armgcc/bin/../lib/gcc/arm-none-eabi/7.2.1/../../../../arm-none-eabi/lib/thumb/v7e-m\libg_nano.a(lib_a-memchr.o)
 .ARM.attributes
                0x000006e0       0x2e f:/imt avr complete course/00-tools/03-imt sdk/03- imt sdk/imt_sdk_win_64/winarm/armgcc/bin/../lib/gcc/arm-none-eabi/7.2.1/../../../../arm-none-eabi/lib/thumb/v7e-m\libg_nano.a(lib_a-memcpy-stub.o)
 .ARM.attributes
                0x0000070e       0x2e f:/imt avr complete course/00-tools/03-imt sdk/03- imt sdk/imt_sdk_win_64/winarm/armgcc/bin/../lib/gcc/arm-none-eabi/7.2.1/../../../../arm-none-eabi/lib/thumb/v7e-m\libg_nano.a(lib_a-memmove.o)
 .ARM.attributes
                0x0000073c       0x2e f:/imt avr complete course/00-tools/03-imt sdk/03- imt sdk/imt_sdk_win_64/winarm/armgcc/bin/../lib/gcc/arm-none-eabi/7.2.1/../../../../arm-none-eabi/lib/thumb/v7e-m\libg_nano.a(lib_a-nano-freer.o)
 .ARM.attributes
                0x0000076a       0x2e f:/imt avr complete course/00-tools/03-imt sdk/03- imt sdk/imt_sdk_win_64/winarm/armgcc/bin/../lib/gcc/arm-none-eabi/7.2.1/../../../../arm-none-eabi/lib/thumb/v7e-m\libg_nano.a(lib_a-nano-mallocr.o)
 .ARM.attributes
                0x00000798       0x2e f:/imt avr complete course/00-tools/03-imt sdk/03- imt sdk/imt_sdk_win_64/winarm/armgcc/bin/../lib/gcc/arm-none-eabi/7.2.1/../../../../arm-none-eabi/lib/thumb/v7e-m\libg_nano.a(lib_a-nano-reallocr.o)
 .ARM.attributes
                0x000007c6       0x2e f:/imt avr complete course/00-tools/03-imt sdk/03- imt sdk/imt_sdk_win_64/winarm/armgcc/bin/../lib/gcc/arm-none-eabi/7.2.1/../../../../arm-none-eabi/lib/thumb/v7e-m\libg_nano.a(lib_a-sbrkr.o)
 .ARM.attributes
                0x000007f4       0x2e f:/imt avr complete course/00-tools/03-imt sdk/03- imt sdk/imt_sdk_win_64/winarm/armgcc/bin/../lib/gcc/arm-none-eabi/7.2.1/../../../../arm-none-eabi/lib/thumb/v7e-m\libg_nano.a(lib_a-mlock.o)
 .ARM.attributes
                0x00000822       0x2e f:/imt avr complete course/00-tools/03-imt sdk/03- imt sdk/imt_sdk_win_64/winarm/armgcc/bin/../lib/gcc/arm-none-eabi/7.2.1/../../../../arm-none-eabi/lib/thumb/v7e-m\libg_nano.a(lib_a-nano-msizer.o)

.debug
 *(.debug)

.line
 *(.line)

.debug_srcinfo
 *(.debug_srcinfo)

.debug_sfnames
 *(.debug_sfnames)

.debug_aranges  0x00000000      0x7d8
 *(.debug_aranges)
 .debug_aranges
                0x00000000       0xc0 ./system/src/stm32f4-hal/stm32f4xx_hal.o
 .debug_aranges
                0x000000c0       0x98 ./system/src/stm32f4-hal/stm32f4xx_hal_cortex.o
 .debug_aranges
                0x00000158       0x88 ./system/src/stm32f4-hal/stm32f4xx_hal_rcc.o
 .debug_aranges
                0x000001e0       0x28 ./system/src/newlib/_exit.o
 .debug_aranges
                0x00000208       0x20 ./system/src/newlib/_sbrk.o
 .debug_aranges
                0x00000228       0x40 ./system/src/newlib/_startup.o
 .debug_aranges
                0x00000268       0x30 ./system/src/newlib/_syscalls.o
 .debug_aranges
                0x00000298       0x28 ./system/src/newlib/assert.o
 .debug_aranges
                0x000002c0       0x38 ./system/src/diag/Trace.o
 .debug_aranges
                0x000002f8       0x30 ./system/src/diag/trace_impl.o
 .debug_aranges
                0x00000328       0x28 ./system/src/cortexm/_initialize_hardware.o
 .debug_aranges
                0x00000350       0x90 ./system/src/cortexm/exception_handlers.o
 .debug_aranges
                0x000003e0       0x28 ./system/src/cmsis/system_stm32f4xx.o
 .debug_aranges
                0x00000408       0x20 ./system/src/cmsis/vectors_stm32f401xc.o
 .debug_aranges
                0x00000428       0x48 ./src/APP.o
 .debug_aranges
                0x00000470       0x50 ./src/EXTI_program.o
 .debug_aranges
                0x000004c0       0x38 ./src/HTFT_prg.o
 .debug_aranges
                0x000004f8       0x48 ./src/MGPIO_prg.o
 .debug_aranges
                0x00000540       0x30 ./src/MRCC_program.o
 .debug_aranges
                0x00000570       0x48 ./src/NVIC_program.o
 .debug_aranges
                0x000005b8       0x28 ./src/R2RDAC_PROGRAM.o
 .debug_aranges
                0x000005e0       0x28 ./src/SPI_program.o
 .debug_aranges
                0x00000608       0x30 ./src/STP_program.o
 .debug_aranges
                0x00000638       0x70 ./src/SYSTICK_program.o
 .debug_aranges
                0x000006a8       0x58 ./src/Timer2_program.o
 .debug_aranges
                0x00000700       0x58 ./src/Timer3_program.o
 .debug_aranges
                0x00000758       0x28 ./src/_initialize_hardware.o
 .debug_aranges
                0x00000780       0x20 ./src/main.o
 .debug_aranges
                0x000007a0       0x38 ./src/stm32f4xx_hal_msp.o

.debug_pubnames
 *(.debug_pubnames)

.debug_info     0x00000000     0xf2f4
 *(.debug_info .gnu.linkonce.wi.*)
 .debug_info    0x00000000     0x107e ./system/src/stm32f4-hal/stm32f4xx_hal.o
 .debug_info    0x0000107e     0x1863 ./system/src/stm32f4-hal/stm32f4xx_hal_cortex.o
 .debug_info    0x000028e1     0x177e ./system/src/stm32f4-hal/stm32f4xx_hal_rcc.o
 .debug_info    0x0000405f      0x956 ./system/src/newlib/_exit.o
 .debug_info    0x000049b5      0x942 ./system/src/newlib/_sbrk.o
 .debug_info    0x000052f7      0x4bf ./system/src/newlib/_startup.o
 .debug_info    0x000057b6      0xa19 ./system/src/newlib/_syscalls.o
 .debug_info    0x000061cf      0x9ff ./system/src/newlib/assert.o
 .debug_info    0x00006bce      0xb2a ./system/src/diag/Trace.o
 .debug_info    0x000076f8      0xb6b ./system/src/diag/trace_impl.o
 .debug_info    0x00008263      0xade ./system/src/cortexm/_initialize_hardware.o
 .debug_info    0x00008d41     0x115a ./system/src/cortexm/exception_handlers.o
 .debug_info    0x00009e9b      0xcfe ./system/src/cmsis/system_stm32f4xx.o
 .debug_info    0x0000ab99       0xca ./system/src/cmsis/vectors_stm32f401xc.o
 .debug_info    0x0000ac63     0x106d ./src/APP.o
 .debug_info    0x0000bcd0      0x36e ./src/EXTI_program.o
 .debug_info    0x0000c03e      0x4a3 ./src/HTFT_prg.o
 .debug_info    0x0000c4e1      0x29a ./src/MGPIO_prg.o
 .debug_info    0x0000c77b      0x2e5 ./src/MRCC_program.o
 .debug_info    0x0000ca60      0x2d4 ./src/NVIC_program.o
 .debug_info    0x0000cd34      0x1cf ./src/R2RDAC_PROGRAM.o
 .debug_info    0x0000cf03      0x13f ./src/SPI_program.o
 .debug_info    0x0000d042      0x2a0 ./src/STP_program.o
 .debug_info    0x0000d2e2      0x2ea ./src/SYSTICK_program.o
 .debug_info    0x0000d5cc      0x343 ./src/Timer2_program.o
 .debug_info    0x0000d90f      0x343 ./src/Timer3_program.o
 .debug_info    0x0000dc52      0xd34 ./src/_initialize_hardware.o
 .debug_info    0x0000e986       0x5f ./src/main.o
 .debug_info    0x0000e9e5      0x90f ./src/stm32f4xx_hal_msp.o

.debug_abbrev   0x00000000     0x318a
 *(.debug_abbrev)
 .debug_abbrev  0x00000000      0x32b ./system/src/stm32f4-hal/stm32f4xx_hal.o
 .debug_abbrev  0x0000032b      0x3f1 ./system/src/stm32f4-hal/stm32f4xx_hal_cortex.o
 .debug_abbrev  0x0000071c      0x394 ./system/src/stm32f4-hal/stm32f4xx_hal_rcc.o
 .debug_abbrev  0x00000ab0      0x1f3 ./system/src/newlib/_exit.o
 .debug_abbrev  0x00000ca3      0x1fc ./system/src/newlib/_sbrk.o
 .debug_abbrev  0x00000e9f      0x1cb ./system/src/newlib/_startup.o
 .debug_abbrev  0x0000106a      0x234 ./system/src/newlib/_syscalls.o
 .debug_abbrev  0x0000129e      0x1f3 ./system/src/newlib/assert.o
 .debug_abbrev  0x00001491      0x276 ./system/src/diag/Trace.o
 .debug_abbrev  0x00001707      0x2ef ./system/src/diag/trace_impl.o
 .debug_abbrev  0x000019f6      0x1de ./system/src/cortexm/_initialize_hardware.o
 .debug_abbrev  0x00001bd4      0x32b ./system/src/cortexm/exception_handlers.o
 .debug_abbrev  0x00001eff      0x216 ./system/src/cmsis/system_stm32f4xx.o
 .debug_abbrev  0x00002115       0x9d ./system/src/cmsis/vectors_stm32f401xc.o
 .debug_abbrev  0x000021b2      0x120 ./src/APP.o
 .debug_abbrev  0x000022d2      0x11a ./src/EXTI_program.o
 .debug_abbrev  0x000023ec       0xc2 ./src/HTFT_prg.o
 .debug_abbrev  0x000024ae      0x100 ./src/MGPIO_prg.o
 .debug_abbrev  0x000025ae       0xc2 ./src/MRCC_program.o
 .debug_abbrev  0x00002670      0x10a ./src/NVIC_program.o
 .debug_abbrev  0x0000277a       0xf6 ./src/R2RDAC_PROGRAM.o
 .debug_abbrev  0x00002870       0xb9 ./src/SPI_program.o
 .debug_abbrev  0x00002929       0xa7 ./src/STP_program.o
 .debug_abbrev  0x000029d0      0x142 ./src/SYSTICK_program.o
 .debug_abbrev  0x00002b12      0x120 ./src/Timer2_program.o
 .debug_abbrev  0x00002c32      0x120 ./src/Timer3_program.o
 .debug_abbrev  0x00002d52      0x22d ./src/_initialize_hardware.o
 .debug_abbrev  0x00002f7f       0x5a ./src/main.o
 .debug_abbrev  0x00002fd9      0x1b1 ./src/stm32f4xx_hal_msp.o

.debug_line     0x00000000     0x944a
 *(.debug_line)
 .debug_line    0x00000000      0xc14 ./system/src/stm32f4-hal/stm32f4xx_hal.o
 .debug_line    0x00000c14      0xd0b ./system/src/stm32f4-hal/stm32f4xx_hal_cortex.o
 .debug_line    0x0000191f      0xe95 ./system/src/stm32f4-hal/stm32f4xx_hal_rcc.o
 .debug_line    0x000027b4      0x3d7 ./system/src/newlib/_exit.o
 .debug_line    0x00002b8b      0x38b ./system/src/newlib/_sbrk.o
 .debug_line    0x00002f16      0x453 ./system/src/newlib/_startup.o
 .debug_line    0x00003369      0x4c3 ./system/src/newlib/_syscalls.o
 .debug_line    0x0000382c      0x412 ./system/src/newlib/assert.o
 .debug_line    0x00003c3e      0x453 ./system/src/diag/Trace.o
 .debug_line    0x00004091      0xb47 ./system/src/diag/trace_impl.o
 .debug_line    0x00004bd8      0xab0 ./system/src/cortexm/_initialize_hardware.o
 .debug_line    0x00005688      0xbfe ./system/src/cortexm/exception_handlers.o
 .debug_line    0x00006286      0xab6 ./system/src/cmsis/system_stm32f4xx.o
 .debug_line    0x00006d3c      0x124 ./system/src/cmsis/vectors_stm32f401xc.o
 .debug_line    0x00006e60      0x2a9 ./src/APP.o
 .debug_line    0x00007109      0x11d ./src/EXTI_program.o
 .debug_line    0x00007226      0x126 ./src/HTFT_prg.o
 .debug_line    0x0000734c      0x1c6 ./src/MGPIO_prg.o
 .debug_line    0x00007512       0xdf ./src/MRCC_program.o
 .debug_line    0x000075f1      0x109 ./src/NVIC_program.o
 .debug_line    0x000076fa      0x121 ./src/R2RDAC_PROGRAM.o
 .debug_line    0x0000781b       0xbf ./src/SPI_program.o
 .debug_line    0x000078da      0x122 ./src/STP_program.o
 .debug_line    0x000079fc      0x187 ./src/SYSTICK_program.o
 .debug_line    0x00007b83      0x192 ./src/Timer2_program.o
 .debug_line    0x00007d15      0x192 ./src/Timer3_program.o
 .debug_line    0x00007ea7      0xaa9 ./src/_initialize_hardware.o
 .debug_line    0x00008950       0x50 ./src/main.o
 .debug_line    0x000089a0      0xaaa ./src/stm32f4xx_hal_msp.o

.debug_frame    0x00000000     0x1264
 *(.debug_frame)
 .debug_frame   0x00000000      0x188 ./system/src/stm32f4-hal/stm32f4xx_hal.o
 .debug_frame   0x00000188      0x17c ./system/src/stm32f4-hal/stm32f4xx_hal_cortex.o
 .debug_frame   0x00000304      0x140 ./system/src/stm32f4-hal/stm32f4xx_hal_rcc.o
 .debug_frame   0x00000444       0x38 ./system/src/newlib/_exit.o
 .debug_frame   0x0000047c       0x28 ./system/src/newlib/_sbrk.o
 .debug_frame   0x000004a4       0x7c ./system/src/newlib/_startup.o
 .debug_frame   0x00000520       0x50 ./system/src/newlib/_syscalls.o
 .debug_frame   0x00000570       0x40 ./system/src/newlib/assert.o
 .debug_frame   0x000005b0       0x94 ./system/src/diag/Trace.o
 .debug_frame   0x00000644       0x64 ./system/src/diag/trace_impl.o
 .debug_frame   0x000006a8       0x40 ./system/src/cortexm/_initialize_hardware.o
 .debug_frame   0x000006e8      0x158 ./system/src/cortexm/exception_handlers.o
 .debug_frame   0x00000840       0x30 ./system/src/cmsis/system_stm32f4xx.o
 .debug_frame   0x00000870       0x20 ./system/src/cmsis/vectors_stm32f401xc.o
 .debug_frame   0x00000890       0xa4 ./src/APP.o
 .debug_frame   0x00000934       0x9c ./src/EXTI_program.o
 .debug_frame   0x000009d0       0x74 ./src/HTFT_prg.o
 .debug_frame   0x00000a44       0xb0 ./src/MGPIO_prg.o
 .debug_frame   0x00000af4       0x40 ./src/MRCC_program.o
 .debug_frame   0x00000b34       0xa0 ./src/NVIC_program.o
 .debug_frame   0x00000bd4       0x48 ./src/R2RDAC_PROGRAM.o
 .debug_frame   0x00000c1c       0x30 ./src/SPI_program.o
 .debug_frame   0x00000c4c       0x5c ./src/STP_program.o
 .debug_frame   0x00000ca8       0xe8 ./src/SYSTICK_program.o
 .debug_frame   0x00000d90       0xa4 ./src/Timer2_program.o
 .debug_frame   0x00000e34       0xa4 ./src/Timer3_program.o
 .debug_frame   0x00000ed8       0x4c ./src/_initialize_hardware.o
 .debug_frame   0x00000f24       0x28 ./src/main.o
 .debug_frame   0x00000f4c       0x50 ./src/stm32f4xx_hal_msp.o
 .debug_frame   0x00000f9c       0x20 f:/imt avr complete course/00-tools/03-imt sdk/03- imt sdk/imt_sdk_win_64/winarm/armgcc/bin/../lib/gcc/arm-none-eabi/7.2.1/../../../../arm-none-eabi/lib/thumb/v7e-m\libg_nano.a(lib_a-errno.o)
 .debug_frame   0x00000fbc       0x4c f:/imt avr complete course/00-tools/03-imt sdk/03- imt sdk/imt_sdk_win_64/winarm/armgcc/bin/../lib/gcc/arm-none-eabi/7.2.1/../../../../arm-none-eabi/lib/thumb/v7e-m\libg_nano.a(lib_a-vsnprintf.o)
 .debug_frame   0x00001008       0x90 f:/imt avr complete course/00-tools/03-imt sdk/03- imt sdk/imt_sdk_win_64/winarm/armgcc/bin/../lib/gcc/arm-none-eabi/7.2.1/../../../../arm-none-eabi/lib/thumb/v7e-m\libg_nano.a(lib_a-nano-svfprintf.o)
 .debug_frame   0x00001098       0x60 f:/imt avr complete course/00-tools/03-imt sdk/03- imt sdk/imt_sdk_win_64/winarm/armgcc/bin/../lib/gcc/arm-none-eabi/7.2.1/../../../../arm-none-eabi/lib/thumb/v7e-m\libg_nano.a(lib_a-nano-vfprintf_i.o)
 .debug_frame   0x000010f8       0x28 f:/imt avr complete course/00-tools/03-imt sdk/03- imt sdk/imt_sdk_win_64/winarm/armgcc/bin/../lib/gcc/arm-none-eabi/7.2.1/../../../../arm-none-eabi/lib/thumb/v7e-m\libg_nano.a(lib_a-memcpy-stub.o)
 .debug_frame   0x00001120       0x28 f:/imt avr complete course/00-tools/03-imt sdk/03- imt sdk/imt_sdk_win_64/winarm/armgcc/bin/../lib/gcc/arm-none-eabi/7.2.1/../../../../arm-none-eabi/lib/thumb/v7e-m\libg_nano.a(lib_a-memmove.o)
 .debug_frame   0x00001148       0x38 f:/imt avr complete course/00-tools/03-imt sdk/03- imt sdk/imt_sdk_win_64/winarm/armgcc/bin/../lib/gcc/arm-none-eabi/7.2.1/../../../../arm-none-eabi/lib/thumb/v7e-m\libg_nano.a(lib_a-nano-freer.o)
 .debug_frame   0x00001180       0x2c f:/imt avr complete course/00-tools/03-imt sdk/03- imt sdk/imt_sdk_win_64/winarm/armgcc/bin/../lib/gcc/arm-none-eabi/7.2.1/../../../../arm-none-eabi/lib/thumb/v7e-m\libg_nano.a(lib_a-nano-mallocr.o)
 .debug_frame   0x000011ac       0x3c f:/imt avr complete course/00-tools/03-imt sdk/03- imt sdk/imt_sdk_win_64/winarm/armgcc/bin/../lib/gcc/arm-none-eabi/7.2.1/../../../../arm-none-eabi/lib/thumb/v7e-m\libg_nano.a(lib_a-nano-reallocr.o)
 .debug_frame   0x000011e8       0x2c f:/imt avr complete course/00-tools/03-imt sdk/03- imt sdk/imt_sdk_win_64/winarm/armgcc/bin/../lib/gcc/arm-none-eabi/7.2.1/../../../../arm-none-eabi/lib/thumb/v7e-m\libg_nano.a(lib_a-sbrkr.o)
 .debug_frame   0x00001214       0x30 f:/imt avr complete course/00-tools/03-imt sdk/03- imt sdk/imt_sdk_win_64/winarm/armgcc/bin/../lib/gcc/arm-none-eabi/7.2.1/../../../../arm-none-eabi/lib/thumb/v7e-m\libg_nano.a(lib_a-mlock.o)
 .debug_frame   0x00001244       0x20 f:/imt avr complete course/00-tools/03-imt sdk/03- imt sdk/imt_sdk_win_64/winarm/armgcc/bin/../lib/gcc/arm-none-eabi/7.2.1/../../../../arm-none-eabi/lib/thumb/v7e-m\libg_nano.a(lib_a-nano-msizer.o)

.debug_str      0x00000000    0x750eb
 *(.debug_str)
 .debug_str     0x00000000    0x6fc51 ./system/src/stm32f4-hal/stm32f4xx_hal.o
                              0x70090 (size before relaxing)
 .debug_str     0x0006fc51      0x37d ./system/src/stm32f4-hal/stm32f4xx_hal_cortex.o
                              0x6fefa (size before relaxing)
 .debug_str     0x0006ffce      0x400 ./system/src/stm32f4-hal/stm32f4xx_hal_rcc.o
                              0x6fc12 (size before relaxing)
 .debug_str     0x000703ce     0x10ff ./system/src/newlib/_exit.o
                               0x7ef1 (size before relaxing)
 .debug_str     0x000714cd      0x4f5 ./system/src/newlib/_sbrk.o
                               0x72a3 (size before relaxing)
 .debug_str     0x000719c2      0x2c6 ./system/src/newlib/_startup.o
                               0x6a44 (size before relaxing)
 .debug_str     0x00071c88      0xe8b ./system/src/newlib/_syscalls.o
                               0x817e (size before relaxing)
 .debug_str     0x00072b13       0xd0 ./system/src/newlib/assert.o
                               0x89f6 (size before relaxing)
 .debug_str     0x00072be3      0x176 ./system/src/diag/Trace.o
                               0x8669 (size before relaxing)
 .debug_str     0x00072d59      0x37b ./system/src/diag/trace_impl.o
                              0x7098f (size before relaxing)
 .debug_str     0x000730d4       0x5e ./system/src/cortexm/_initialize_hardware.o
                              0x6f721 (size before relaxing)
 .debug_str     0x00073132      0x19d ./system/src/cortexm/exception_handlers.o
                              0x70b19 (size before relaxing)
 .debug_str     0x000732cf       0x46 ./system/src/cmsis/system_stm32f4xx.o
                              0x6f802 (size before relaxing)
 .debug_str     0x00073315       0x59 ./system/src/cmsis/vectors_stm32f401xc.o
                               0x3881 (size before relaxing)
 .debug_str     0x0007336e      0xaef ./src/APP.o
                               0x3893 (size before relaxing)
 .debug_str     0x00073e5d      0x207 ./src/EXTI_program.o
                               0x3276 (size before relaxing)
 .debug_str     0x00074064       0xa7 ./src/HTFT_prg.o
                               0x31e4 (size before relaxing)
 .debug_str     0x0007410b      0x176 ./src/MGPIO_prg.o
                               0x32a0 (size before relaxing)
 .debug_str     0x00074281      0x1c3 ./src/MRCC_program.o
                               0x32c2 (size before relaxing)
 .debug_str     0x00074444      0x1c5 ./src/NVIC_program.o
                               0x30da (size before relaxing)
 .debug_str     0x00074609       0x5e ./src/R2RDAC_PROGRAM.o
                               0x31d9 (size before relaxing)
 .debug_str     0x00074667      0x3e5 ./src/SPI_program.o
                               0x328d (size before relaxing)
 .debug_str     0x00074a4c       0xb0 ./src/STP_program.o
                               0x3261 (size before relaxing)
 .debug_str     0x00074afc      0x1f0 ./src/SYSTICK_program.o
                               0x315a (size before relaxing)
 .debug_str     0x00074cec      0x22c ./src/Timer2_program.o
                               0x3194 (size before relaxing)
 .debug_str     0x00074f18      0x157 ./src/Timer3_program.o
                               0x3194 (size before relaxing)
 .debug_str     0x0007506f       0x31 ./src/_initialize_hardware.o
                              0x6f918 (size before relaxing)
 .debug_str     0x000750a0        0xe ./src/main.o
                               0x2d4f (size before relaxing)
 .debug_str     0x000750ae       0x3d ./src/stm32f4xx_hal_msp.o
                              0x6f669 (size before relaxing)

.debug_loc      0x00000000     0x2741
 *(.debug_loc)
 .debug_loc     0x00000000       0x92 ./system/src/stm32f4-hal/stm32f4xx_hal.o
 .debug_loc     0x00000092      0x73b ./system/src/stm32f4-hal/stm32f4xx_hal_cortex.o
 .debug_loc     0x000007cd      0x50a ./system/src/stm32f4-hal/stm32f4xx_hal_rcc.o
 .debug_loc     0x00000cd7       0x85 ./system/src/newlib/_sbrk.o
 .debug_loc     0x00000d5c      0x2cb ./system/src/newlib/_startup.o
 .debug_loc     0x00001027       0x63 ./system/src/newlib/_syscalls.o
 .debug_loc     0x0000108a      0x134 ./system/src/newlib/assert.o
 .debug_loc     0x000011be       0xf6 ./system/src/diag/Trace.o
 .debug_loc     0x000012b4      0x121 ./system/src/diag/trace_impl.o
 .debug_loc     0x000013d5      0x291 ./system/src/cortexm/exception_handlers.o
 .debug_loc     0x00001666      0x13e ./system/src/cmsis/system_stm32f4xx.o
 .debug_loc     0x000017a4       0x1e ./src/APP.o
 .debug_loc     0x000017c2      0x15c ./src/EXTI_program.o
 .debug_loc     0x0000191e       0xa5 ./src/HTFT_prg.o
 .debug_loc     0x000019c3      0x53f ./src/MGPIO_prg.o
 .debug_loc     0x00001f02      0x1b0 ./src/MRCC_program.o
 .debug_loc     0x000020b2      0x1af ./src/NVIC_program.o
 .debug_loc     0x00002261       0xa3 ./src/R2RDAC_PROGRAM.o
 .debug_loc     0x00002304       0x40 ./src/SPI_program.o
 .debug_loc     0x00002344       0x4b ./src/STP_program.o
 .debug_loc     0x0000238f       0xdc ./src/SYSTICK_program.o
 .debug_loc     0x0000246b      0x16b ./src/Timer2_program.o
 .debug_loc     0x000025d6      0x16b ./src/Timer3_program.o

.debug_macinfo
 *(.debug_macinfo)

.debug_weaknames
 *(.debug_weaknames)

.debug_funcnames
 *(.debug_funcnames)

.debug_typenames
 *(.debug_typenames)

.debug_varnames
 *(.debug_varnames)
OUTPUT(Elevator_Project.elf elf32-littlearm)

.debug_ranges   0x00000000      0x710
 .debug_ranges  0x00000000       0xb0 ./system/src/stm32f4-hal/stm32f4xx_hal.o
 .debug_ranges  0x000000b0       0xe8 ./system/src/stm32f4-hal/stm32f4xx_hal_cortex.o
 .debug_ranges  0x00000198       0x78 ./system/src/stm32f4-hal/stm32f4xx_hal_rcc.o
 .debug_ranges  0x00000210       0x18 ./system/src/newlib/_exit.o
 .debug_ranges  0x00000228       0x10 ./system/src/newlib/_sbrk.o
 .debug_ranges  0x00000238       0x90 ./system/src/newlib/_startup.o
 .debug_ranges  0x000002c8       0x20 ./system/src/newlib/_syscalls.o
 .debug_ranges  0x000002e8       0x18 ./system/src/newlib/assert.o
 .debug_ranges  0x00000300       0x28 ./system/src/diag/Trace.o
 .debug_ranges  0x00000328       0x50 ./system/src/diag/trace_impl.o
 .debug_ranges  0x00000378       0x18 ./system/src/cortexm/_initialize_hardware.o
 .debug_ranges  0x00000390       0x80 ./system/src/cortexm/exception_handlers.o
 .debug_ranges  0x00000410       0x18 ./system/src/cmsis/system_stm32f4xx.o
 .debug_ranges  0x00000428       0x10 ./system/src/cmsis/vectors_stm32f401xc.o
 .debug_ranges  0x00000438       0x38 ./src/APP.o
 .debug_ranges  0x00000470       0x40 ./src/EXTI_program.o
 .debug_ranges  0x000004b0       0x28 ./src/HTFT_prg.o
 .debug_ranges  0x000004d8       0x38 ./src/MGPIO_prg.o
 .debug_ranges  0x00000510       0x20 ./src/MRCC_program.o
 .debug_ranges  0x00000530       0x38 ./src/NVIC_program.o
 .debug_ranges  0x00000568       0x30 ./src/R2RDAC_PROGRAM.o
 .debug_ranges  0x00000598       0x18 ./src/SPI_program.o
 .debug_ranges  0x000005b0       0x20 ./src/STP_program.o
 .debug_ranges  0x000005d0       0x60 ./src/SYSTICK_program.o
 .debug_ranges  0x00000630       0x48 ./src/Timer2_program.o
 .debug_ranges  0x00000678       0x48 ./src/Timer3_program.o
 .debug_ranges  0x000006c0       0x18 ./src/_initialize_hardware.o
 .debug_ranges  0x000006d8       0x10 ./src/main.o
 .debug_ranges  0x000006e8       0x28 ./src/stm32f4xx_hal_msp.o

.debug_macro    0x00000000    0x15785
 .debug_macro   0x00000000      0x532 ./system/src/stm32f4-hal/stm32f4xx_hal.o
 .debug_macro   0x00000532      0xa6c ./system/src/stm32f4-hal/stm32f4xx_hal.o
 .debug_macro   0x00000f9e      0x289 ./system/src/stm32f4-hal/stm32f4xx_hal.o
 .debug_macro   0x00001227       0x31 ./system/src/stm32f4-hal/stm32f4xx_hal.o
 .debug_macro   0x00001258       0x28 ./system/src/stm32f4-hal/stm32f4xx_hal.o
 .debug_macro   0x00001280      0x34e ./system/src/stm32f4-hal/stm32f4xx_hal.o
 .debug_macro   0x000015ce       0x35 ./system/src/stm32f4-hal/stm32f4xx_hal.o
 .debug_macro   0x00001603       0x50 ./system/src/stm32f4-hal/stm32f4xx_hal.o
 .debug_macro   0x00001653      0xe66 ./system/src/stm32f4-hal/stm32f4xx_hal.o
 .debug_macro   0x000024b9     0x5099 ./system/src/stm32f4-hal/stm32f4xx_hal.o
 .debug_macro   0x00007552       0x43 ./system/src/stm32f4-hal/stm32f4xx_hal.o
 .debug_macro   0x00007595     0x347f ./system/src/stm32f4-hal/stm32f4xx_hal.o
 .debug_macro   0x0000aa14       0x22 ./system/src/stm32f4-hal/stm32f4xx_hal.o
 .debug_macro   0x0000aa36       0x52 ./system/src/stm32f4-hal/stm32f4xx_hal.o
 .debug_macro   0x0000aa88       0x17 ./system/src/stm32f4-hal/stm32f4xx_hal.o
 .debug_macro   0x0000aa9f       0x8d ./system/src/stm32f4-hal/stm32f4xx_hal.o
 .debug_macro   0x0000ab2c       0x35 ./system/src/stm32f4-hal/stm32f4xx_hal.o
 .debug_macro   0x0000ab61       0x9c ./system/src/stm32f4-hal/stm32f4xx_hal.o
 .debug_macro   0x0000abfd       0x16 ./system/src/stm32f4-hal/stm32f4xx_hal.o
 .debug_macro   0x0000ac13       0x57 ./system/src/stm32f4-hal/stm32f4xx_hal.o
 .debug_macro   0x0000ac6a       0x97 ./system/src/stm32f4-hal/stm32f4xx_hal.o
 .debug_macro   0x0000ad01      0x330 ./system/src/stm32f4-hal/stm32f4xx_hal.o
 .debug_macro   0x0000b031       0xfd ./system/src/stm32f4-hal/stm32f4xx_hal.o
 .debug_macro   0x0000b12e       0x10 ./system/src/stm32f4-hal/stm32f4xx_hal.o
 .debug_macro   0x0000b13e       0x58 ./system/src/stm32f4-hal/stm32f4xx_hal.o
 .debug_macro   0x0000b196       0x1f ./system/src/stm32f4-hal/stm32f4xx_hal.o
 .debug_macro   0x0000b1b5       0x43 ./system/src/stm32f4-hal/stm32f4xx_hal.o
 .debug_macro   0x0000b1f8       0x20 ./system/src/stm32f4-hal/stm32f4xx_hal.o
 .debug_macro   0x0000b218      0x18e ./system/src/stm32f4-hal/stm32f4xx_hal.o
 .debug_macro   0x0000b3a6       0x10 ./system/src/stm32f4-hal/stm32f4xx_hal.o
 .debug_macro   0x0000b3b6       0x6a ./system/src/stm32f4-hal/stm32f4xx_hal.o
 .debug_macro   0x0000b420       0x1c ./system/src/stm32f4-hal/stm32f4xx_hal.o
 .debug_macro   0x0000b43c       0x52 ./system/src/stm32f4-hal/stm32f4xx_hal.o
 .debug_macro   0x0000b48e       0x40 ./system/src/stm32f4-hal/stm32f4xx_hal.o
 .debug_macro   0x0000b4ce       0x10 ./system/src/stm32f4-hal/stm32f4xx_hal.o
 .debug_macro   0x0000b4de       0x40 ./system/src/stm32f4-hal/stm32f4xx_hal.o
 .debug_macro   0x0000b51e       0xd7 ./system/src/stm32f4-hal/stm32f4xx_hal.o
 .debug_macro   0x0000b5f5       0x1c ./system/src/stm32f4-hal/stm32f4xx_hal.o
 .debug_macro   0x0000b611       0x3d ./system/src/stm32f4-hal/stm32f4xx_hal.o
 .debug_macro   0x0000b64e       0x16 ./system/src/stm32f4-hal/stm32f4xx_hal.o
 .debug_macro   0x0000b664      0x16f ./system/src/stm32f4-hal/stm32f4xx_hal.o
 .debug_macro   0x0000b7d3       0x57 ./system/src/stm32f4-hal/stm32f4xx_hal.o
 .debug_macro   0x0000b82a      0x424 ./system/src/stm32f4-hal/stm32f4xx_hal.o
 .debug_macro   0x0000bc4e      0x9e1 ./system/src/stm32f4-hal/stm32f4xx_hal.o
 .debug_macro   0x0000c62f      0x11e ./system/src/stm32f4-hal/stm32f4xx_hal.o
 .debug_macro   0x0000c74d       0xf8 ./system/src/stm32f4-hal/stm32f4xx_hal.o
 .debug_macro   0x0000c845       0x27 ./system/src/stm32f4-hal/stm32f4xx_hal.o
 .debug_macro   0x0000c86c      0x287 ./system/src/stm32f4-hal/stm32f4xx_hal.o
 .debug_macro   0x0000caf3       0x5f ./system/src/stm32f4-hal/stm32f4xx_hal.o
 .debug_macro   0x0000cb52      0x23a ./system/src/stm32f4-hal/stm32f4xx_hal.o
 .debug_macro   0x0000cd8c      0x391 ./system/src/stm32f4-hal/stm32f4xx_hal.o
 .debug_macro   0x0000d11d      0x16f ./system/src/stm32f4-hal/stm32f4xx_hal.o
 .debug_macro   0x0000d28c       0xf9 ./system/src/stm32f4-hal/stm32f4xx_hal.o
 .debug_macro   0x0000d385       0x23 ./system/src/stm32f4-hal/stm32f4xx_hal.o
 .debug_macro   0x0000d3a8      0x13a ./system/src/stm32f4-hal/stm32f4xx_hal.o
 .debug_macro   0x0000d4e2      0x23a ./system/src/stm32f4-hal/stm32f4xx_hal.o
 .debug_macro   0x0000d71c       0x2e ./system/src/stm32f4-hal/stm32f4xx_hal.o
 .debug_macro   0x0000d74a      0x1a7 ./system/src/stm32f4-hal/stm32f4xx_hal.o
 .debug_macro   0x0000d8f1       0x22 ./system/src/stm32f4-hal/stm32f4xx_hal.o
 .debug_macro   0x0000d913       0xa5 ./system/src/stm32f4-hal/stm32f4xx_hal.o
 .debug_macro   0x0000d9b8      0x18b ./system/src/stm32f4-hal/stm32f4xx_hal.o
 .debug_macro   0x0000db43       0x24 ./system/src/stm32f4-hal/stm32f4xx_hal.o
 .debug_macro   0x0000db67       0x35 ./system/src/stm32f4-hal/stm32f4xx_hal.o
 .debug_macro   0x0000db9c       0x79 ./system/src/stm32f4-hal/stm32f4xx_hal.o
 .debug_macro   0x0000dc15      0x11e ./system/src/stm32f4-hal/stm32f4xx_hal.o
 .debug_macro   0x0000dd33       0x85 ./system/src/stm32f4-hal/stm32f4xx_hal.o
 .debug_macro   0x0000ddb8       0x89 ./system/src/stm32f4-hal/stm32f4xx_hal.o
 .debug_macro   0x0000de41      0x31a ./system/src/stm32f4-hal/stm32f4xx_hal.o
 .debug_macro   0x0000e15b      0x409 ./system/src/stm32f4-hal/stm32f4xx_hal.o
 .debug_macro   0x0000e564       0xe4 ./system/src/stm32f4-hal/stm32f4xx_hal.o
 .debug_macro   0x0000e648      0x48d ./system/src/stm32f4-hal/stm32f4xx_hal.o
 .debug_macro   0x0000ead5      0x22b ./system/src/stm32f4-hal/stm32f4xx_hal.o
 .debug_macro   0x0000ed00      0x202 ./system/src/stm32f4-hal/stm32f4xx_hal.o
 .debug_macro   0x0000ef02      0x6d9 ./system/src/stm32f4-hal/stm32f4xx_hal.o
 .debug_macro   0x0000f5db       0x5b ./system/src/stm32f4-hal/stm32f4xx_hal.o
 .debug_macro   0x0000f636      0x14d ./system/src/stm32f4-hal/stm32f4xx_hal.o
 .debug_macro   0x0000f783      0x287 ./system/src/stm32f4-hal/stm32f4xx_hal.o
 .debug_macro   0x0000fa0a      0x225 ./system/src/stm32f4-hal/stm32f4xx_hal.o
 .debug_macro   0x0000fc2f      0x1b5 ./system/src/stm32f4-hal/stm32f4xx_hal.o
 .debug_macro   0x0000fde4      0x2db ./system/src/stm32f4-hal/stm32f4xx_hal.o
 .debug_macro   0x000100bf       0x89 ./system/src/stm32f4-hal/stm32f4xx_hal.o
 .debug_macro   0x00010148      0x1df ./system/src/stm32f4-hal/stm32f4xx_hal.o
 .debug_macro   0x00010327      0x115 ./system/src/stm32f4-hal/stm32f4xx_hal.o
 .debug_macro   0x0001043c       0x6e ./system/src/stm32f4-hal/stm32f4xx_hal.o
 .debug_macro   0x000104aa      0x11e ./system/src/stm32f4-hal/stm32f4xx_hal.o
 .debug_macro   0x000105c8      0x4e4 ./system/src/stm32f4-hal/stm32f4xx_hal_cortex.o
 .debug_macro   0x00010aac      0x50e ./system/src/stm32f4-hal/stm32f4xx_hal_rcc.o
 .debug_macro   0x00010fba      0x1b4 ./system/src/newlib/_exit.o
 .debug_macro   0x0001116e      0x10e ./system/src/newlib/_exit.o
 .debug_macro   0x0001127c       0x8d ./system/src/newlib/_exit.o
 .debug_macro   0x00011309       0x35 ./system/src/newlib/_exit.o
 .debug_macro   0x0001133e      0x169 ./system/src/newlib/_sbrk.o
 .debug_macro   0x000114a7      0x174 ./system/src/newlib/_sbrk.o
 .debug_macro   0x0001161b       0x10 ./system/src/newlib/_sbrk.o
 .debug_macro   0x0001162b      0x23b ./system/src/newlib/_sbrk.o
 .debug_macro   0x00011866      0x173 ./system/src/newlib/_startup.o
 .debug_macro   0x000119d9      0xa72 ./system/src/newlib/_startup.o
 .debug_macro   0x0001244b      0x217 ./system/src/newlib/_syscalls.o
 .debug_macro   0x00012662       0x1c ./system/src/newlib/_syscalls.o
 .debug_macro   0x0001267e       0x10 ./system/src/newlib/_syscalls.o
 .debug_macro   0x0001268e       0x10 ./system/src/newlib/_syscalls.o
 .debug_macro   0x0001269e       0x10 ./system/src/newlib/_syscalls.o
 .debug_macro   0x000126ae       0x35 ./system/src/newlib/_syscalls.o
 .debug_macro   0x000126e3      0x122 ./system/src/newlib/_syscalls.o
 .debug_macro   0x00012805       0x88 ./system/src/newlib/_syscalls.o
 .debug_macro   0x0001288d       0x2b ./system/src/newlib/_syscalls.o
 .debug_macro   0x000128b8      0x118 ./system/src/newlib/_syscalls.o
 .debug_macro   0x000129d0      0x189 ./system/src/newlib/_syscalls.o
 .debug_macro   0x00012b59       0x16 ./system/src/newlib/_syscalls.o
 .debug_macro   0x00012b6f      0x1d0 ./system/src/newlib/assert.o
 .debug_macro   0x00012d3f       0x1c ./system/src/newlib/assert.o
 .debug_macro   0x00012d5b      0x1fb ./system/src/diag/Trace.o
 .debug_macro   0x00012f56       0x4c ./system/src/diag/Trace.o
 .debug_macro   0x00012fa2       0x16 ./system/src/diag/Trace.o
 .debug_macro   0x00012fb8      0x52a ./system/src/diag/trace_impl.o
 .debug_macro   0x000134e2       0x22 ./system/src/diag/trace_impl.o
 .debug_macro   0x00013504      0x4ee ./system/src/cortexm/_initialize_hardware.o
 .debug_macro   0x000139f2      0x557 ./system/src/cortexm/exception_handlers.o
 .debug_macro   0x00013f49       0x3b ./system/src/cortexm/exception_handlers.o
 .debug_macro   0x00013f84      0x4ea ./system/src/cmsis/system_stm32f4xx.o
 .debug_macro   0x0001446e       0x34 ./system/src/cmsis/vectors_stm32f401xc.o
 .debug_macro   0x000144a2       0xa4 ./src/APP.o
 .debug_macro   0x00014546       0x22 ./src/APP.o
 .debug_macro   0x00014568       0x22 ./src/APP.o
 .debug_macro   0x0001458a       0xd0 ./src/APP.o
 .debug_macro   0x0001465a       0xe2 ./src/APP.o
 .debug_macro   0x0001473c       0x1c ./src/APP.o
 .debug_macro   0x00014758       0x3a ./src/APP.o
 .debug_macro   0x00014792       0x3a ./src/APP.o
 .debug_macro   0x000147cc       0x40 ./src/EXTI_program.o
 .debug_macro   0x0001480c       0x22 ./src/EXTI_program.o
 .debug_macro   0x0001482e       0x22 ./src/EXTI_program.o
 .debug_macro   0x00014850       0x2e ./src/EXTI_program.o
 .debug_macro   0x0001487e       0x49 ./src/HTFT_prg.o
 .debug_macro   0x000148c7       0x3f ./src/MGPIO_prg.o
 .debug_macro   0x00014906       0x3a ./src/MGPIO_prg.o
 .debug_macro   0x00014940       0x3e ./src/MRCC_program.o
 .debug_macro   0x0001497e       0x10 ./src/MRCC_program.o
 .debug_macro   0x0001498e       0x46 ./src/MRCC_program.o
 .debug_macro   0x000149d4       0x40 ./src/NVIC_program.o
 .debug_macro   0x00014a14       0x22 ./src/NVIC_program.o
 .debug_macro   0x00014a36       0x52 ./src/R2RDAC_PROGRAM.o
 .debug_macro   0x00014a88       0x10 ./src/R2RDAC_PROGRAM.o
 .debug_macro   0x00014a98       0x7b ./src/SPI_program.o
 .debug_macro   0x00014b13       0x9a ./src/SPI_program.o
 .debug_macro   0x00014bad       0x16 ./src/SPI_program.o
 .debug_macro   0x00014bc3       0x5b ./src/STP_program.o
 .debug_macro   0x00014c1e       0x1c ./src/STP_program.o
 .debug_macro   0x00014c3a       0x3e ./src/SYSTICK_program.o
 .debug_macro   0x00014c78       0x3a ./src/SYSTICK_program.o
 .debug_macro   0x00014cb2       0x10 ./src/SYSTICK_program.o
 .debug_macro   0x00014cc2       0x3e ./src/Timer2_program.o
 .debug_macro   0x00014d00       0x1c ./src/Timer2_program.o
 .debug_macro   0x00014d1c       0x16 ./src/Timer2_program.o
 .debug_macro   0x00014d32       0x3e ./src/Timer3_program.o
 .debug_macro   0x00014d70       0x1c ./src/Timer3_program.o
 .debug_macro   0x00014d8c       0x16 ./src/Timer3_program.o
 .debug_macro   0x00014da2      0x4e4 ./src/_initialize_hardware.o
 .debug_macro   0x00015286       0x1b ./src/main.o
 .debug_macro   0x000152a1      0x4e4 ./src/stm32f4xx_hal_msp.o
